Archive member included to satisfy reference by file (symbol)

c:/program files (x86)/atmel/studio/7.0/toolchain/arm/arm-gnu-toolchain/bin/../lib/gcc/arm-none-eabi/6.3.1/thumb/v6-m\libgcc.a(_udivsi3.o)
                              hpl/core/hpl_core_m0plus_base.o (__aeabi_uidiv)
c:/program files (x86)/atmel/studio/7.0/toolchain/arm/arm-gnu-toolchain/bin/../lib/gcc/arm-none-eabi/6.3.1/thumb/v6-m\libgcc.a(_dvmd_tls.o)
                              c:/program files (x86)/atmel/studio/7.0/toolchain/arm/arm-gnu-toolchain/bin/../lib/gcc/arm-none-eabi/6.3.1/thumb/v6-m\libgcc.a(_udivsi3.o) (__aeabi_idiv0)
c:/program files (x86)/atmel/studio/7.0/toolchain/arm/arm-gnu-toolchain/bin/../lib/gcc/arm-none-eabi/6.3.1/thumb/v6-m\libgcc.a(_aeabi_uldivmod.o)
                              hpl/sercom/hpl_sercom.o (__aeabi_uldivmod)
c:/program files (x86)/atmel/studio/7.0/toolchain/arm/arm-gnu-toolchain/bin/../lib/gcc/arm-none-eabi/6.3.1/thumb/v6-m\libgcc.a(_muldi3.o)
                              hpl/sercom/hpl_sercom.o (__aeabi_lmul)
c:/program files (x86)/atmel/studio/7.0/toolchain/arm/arm-gnu-toolchain/bin/../lib/gcc/arm-none-eabi/6.3.1/thumb/v6-m\libgcc.a(_fixunsdfsi.o)
                              hpl/sercom/hpl_sercom.o (__aeabi_d2uiz)
c:/program files (x86)/atmel/studio/7.0/toolchain/arm/arm-gnu-toolchain/bin/../lib/gcc/arm-none-eabi/6.3.1/thumb/v6-m\libgcc.a(_udivmoddi4.o)
                              c:/program files (x86)/atmel/studio/7.0/toolchain/arm/arm-gnu-toolchain/bin/../lib/gcc/arm-none-eabi/6.3.1/thumb/v6-m\libgcc.a(_aeabi_uldivmod.o) (__udivmoddi4)
c:/program files (x86)/atmel/studio/7.0/toolchain/arm/arm-gnu-toolchain/bin/../lib/gcc/arm-none-eabi/6.3.1/thumb/v6-m\libgcc.a(divdf3.o)
                              hpl/sercom/hpl_sercom.o (__aeabi_ddiv)
c:/program files (x86)/atmel/studio/7.0/toolchain/arm/arm-gnu-toolchain/bin/../lib/gcc/arm-none-eabi/6.3.1/thumb/v6-m\libgcc.a(muldf3.o)
                              hpl/sercom/hpl_sercom.o (__aeabi_dmul)
c:/program files (x86)/atmel/studio/7.0/toolchain/arm/arm-gnu-toolchain/bin/../lib/gcc/arm-none-eabi/6.3.1/thumb/v6-m\libgcc.a(subdf3.o)
                              hpl/sercom/hpl_sercom.o (__aeabi_dsub)
c:/program files (x86)/atmel/studio/7.0/toolchain/arm/arm-gnu-toolchain/bin/../lib/gcc/arm-none-eabi/6.3.1/thumb/v6-m\libgcc.a(fixdfsi.o)
                              c:/program files (x86)/atmel/studio/7.0/toolchain/arm/arm-gnu-toolchain/bin/../lib/gcc/arm-none-eabi/6.3.1/thumb/v6-m\libgcc.a(_fixunsdfsi.o) (__aeabi_d2iz)
c:/program files (x86)/atmel/studio/7.0/toolchain/arm/arm-gnu-toolchain/bin/../lib/gcc/arm-none-eabi/6.3.1/thumb/v6-m\libgcc.a(floatsidf.o)
                              hpl/sercom/hpl_sercom.o (__aeabi_i2d)
c:/program files (x86)/atmel/studio/7.0/toolchain/arm/arm-gnu-toolchain/bin/../lib/gcc/arm-none-eabi/6.3.1/thumb/v6-m\libgcc.a(floatunsidf.o)
                              hpl/sercom/hpl_sercom.o (__aeabi_ui2d)
c:/program files (x86)/atmel/studio/7.0/toolchain/arm/arm-gnu-toolchain/bin/../lib/gcc/arm-none-eabi/6.3.1/thumb/v6-m\libgcc.a(_arm_cmpdf2.o)
                              c:/program files (x86)/atmel/studio/7.0/toolchain/arm/arm-gnu-toolchain/bin/../lib/gcc/arm-none-eabi/6.3.1/thumb/v6-m\libgcc.a(_fixunsdfsi.o) (__aeabi_dcmpge)
c:/program files (x86)/atmel/studio/7.0/toolchain/arm/arm-gnu-toolchain/bin/../lib/gcc/arm-none-eabi/6.3.1/thumb/v6-m\libgcc.a(_clzsi2.o)
                              c:/program files (x86)/atmel/studio/7.0/toolchain/arm/arm-gnu-toolchain/bin/../lib/gcc/arm-none-eabi/6.3.1/thumb/v6-m\libgcc.a(divdf3.o) (__clzsi2)
c:/program files (x86)/atmel/studio/7.0/toolchain/arm/arm-gnu-toolchain/bin/../lib/gcc/arm-none-eabi/6.3.1/thumb/v6-m\libgcc.a(_clzdi2.o)
                              c:/program files (x86)/atmel/studio/7.0/toolchain/arm/arm-gnu-toolchain/bin/../lib/gcc/arm-none-eabi/6.3.1/thumb/v6-m\libgcc.a(_udivmoddi4.o) (__clzdi2)
c:/program files (x86)/atmel/studio/7.0/toolchain/arm/arm-gnu-toolchain/bin/../lib/gcc/arm-none-eabi/6.3.1/thumb/v6-m\libgcc.a(eqdf2.o)
                              c:/program files (x86)/atmel/studio/7.0/toolchain/arm/arm-gnu-toolchain/bin/../lib/gcc/arm-none-eabi/6.3.1/thumb/v6-m\libgcc.a(_arm_cmpdf2.o) (__eqdf2)
c:/program files (x86)/atmel/studio/7.0/toolchain/arm/arm-gnu-toolchain/bin/../lib/gcc/arm-none-eabi/6.3.1/thumb/v6-m\libgcc.a(gedf2.o)
                              c:/program files (x86)/atmel/studio/7.0/toolchain/arm/arm-gnu-toolchain/bin/../lib/gcc/arm-none-eabi/6.3.1/thumb/v6-m\libgcc.a(_arm_cmpdf2.o) (__gedf2)
c:/program files (x86)/atmel/studio/7.0/toolchain/arm/arm-gnu-toolchain/bin/../lib/gcc/arm-none-eabi/6.3.1/thumb/v6-m\libgcc.a(ledf2.o)
                              c:/program files (x86)/atmel/studio/7.0/toolchain/arm/arm-gnu-toolchain/bin/../lib/gcc/arm-none-eabi/6.3.1/thumb/v6-m\libgcc.a(_arm_cmpdf2.o) (__ledf2)
[...]
Memory Configuration

Name             Origin             Length             Attributes
rom              0x00000000         0x00040000         xr
ram              0x20000000         0x00008000         xrw
*default*        0x00000000         0xffffffff

Linker script and memory map

LOAD c:/program files (x86)/atmel/studio/7.0/toolchain/arm/arm-gnu-toolchain/bin/../lib/gcc/arm-none-eabi/6.3.1/thumb/v6-m/crti.o
LOAD c:/program files (x86)/atmel/studio/7.0/toolchain/arm/arm-gnu-toolchain/bin/../lib/gcc/arm-none-eabi/6.3.1/thumb/v6-m/crtbegin.o
LOAD c:/program files (x86)/atmel/studio/7.0/toolchain/arm/arm-gnu-toolchain/bin/../lib/gcc/arm-none-eabi/6.3.1/../../../../arm-none-eabi/lib/thumb/v6-m/crt0.o
LOAD atmel_start.o
LOAD Device_Startup/startup_samd21.o
LOAD Device_Startup/system_samd21.o
LOAD driver_init.o
LOAD examples/driver_examples.o
LOAD hal/src/hal_atomic.o
LOAD hal/src/hal_delay.o
LOAD hal/src/hal_gpio.o
LOAD hal/src/hal_init.o
LOAD hal/src/hal_io.o
LOAD hal/src/hal_sleep.o
LOAD hal/src/hal_spi_m_sync.o
LOAD hal/utils/src/utils_assert.o
LOAD hal/utils/src/utils_event.o
LOAD hal/utils/src/utils_list.o
LOAD hal/utils/src/utils_syscalls.o
LOAD hpl/core/hpl_core_m0plus_base.o
LOAD hpl/core/hpl_init.o
LOAD hpl/dmac/hpl_dmac.o
LOAD hpl/gclk/hpl_gclk.o
LOAD hpl/pm/hpl_pm.o
LOAD hpl/sercom/hpl_sercom.o
LOAD hpl/sysctrl/hpl_sysctrl.o
LOAD hpl/systick/hpl_systick.o
LOAD led_switcher_main.o
START GROUP
LOAD c:/program files (x86)/atmel/studio/7.0/toolchain/arm/arm-gnu-toolchain/bin/../lib/gcc/arm-none-eabi/6.3.1/../../../../arm-none-eabi/lib/thumb/v6-m\libm.a
END GROUP
START GROUP
LOAD c:/program files (x86)/atmel/studio/7.0/toolchain/arm/arm-gnu-toolchain/bin/../lib/gcc/arm-none-eabi/6.3.1/thumb/v6-m\libgcc.a
LOAD c:/program files (x86)/atmel/studio/7.0/toolchain/arm/arm-gnu-toolchain/bin/../lib/gcc/arm-none-eabi/6.3.1/../../../../arm-none-eabi/lib/thumb/v6-m\libc_nano.a
END GROUP
START GROUP
LOAD c:/program files (x86)/atmel/studio/7.0/toolchain/arm/arm-gnu-toolchain/bin/../lib/gcc/arm-none-eabi/6.3.1/thumb/v6-m\libgcc.a
LOAD c:/program files (x86)/atmel/studio/7.0/toolchain/arm/arm-gnu-toolchain/bin/../lib/gcc/arm-none-eabi/6.3.1/../../../../arm-none-eabi/lib/thumb/v6-m\libc_nano.a
END GROUP
LOAD c:/program files (x86)/atmel/studio/7.0/toolchain/arm/arm-gnu-toolchain/bin/../lib/gcc/arm-none-eabi/6.3.1/thumb/v6-m/crtend.o
LOAD c:/program files (x86)/atmel/studio/7.0/toolchain/arm/arm-gnu-toolchain/bin/../lib/gcc/arm-none-eabi/6.3.1/thumb/v6-m/crtn.o
                0x00002000                STACK_SIZE = DEFINED (STACK_SIZE)?STACK_SIZE:DEFINED (__stack_size__)?__stack_size__:0x2000

.text           0x00000000      0xd58
                0x00000000                . = ALIGN (0x4)
                0x00000000                _sfixed = .
 *(.vectors .vectors.*)
 .vectors       0x00000000       0xb4 Device_Startup/startup_samd21.o
                0x00000000                exception_table
 *(.text .text.* .gnu.linkonce.t.*)
 .text          0x000000b4       0x60 c:/program files (x86)/atmel/studio/7.0/toolchain/arm/arm-gnu-toolchain/bin/../lib/gcc/arm-none-eabi/6.3.1/thumb/v6-m/crtbegin.o
 .text.atmel_start_init
                0x00000114        0xc atmel_start.o
                0x00000114                atmel_start_init
 .text.Dummy_Handler
                0x00000120        0x2 Device_Startup/startup_samd21.o
                0x00000120                SVCall_Handler
                0x00000120                DMAC_Handler
                0x00000120                HardFault_Handler
                0x00000120                AC_Handler
                0x00000120                SysTick_Handler
                0x00000120                PendSV_Handler
                0x00000120                TC7_Handler
                0x00000120                SERCOM1_Handler
                0x00000120                ADC_Handler
                0x00000120                NonMaskableInt_Handler
                0x00000120                TCC1_Handler
                0x00000120                SERCOM2_Handler
                0x00000120                TCC0_Handler
                0x00000120                RTC_Handler
                0x00000120                EIC_Handler
                0x00000120                TC6_Handler
                0x00000120                WDT_Handler
                0x00000120                TC4_Handler
                0x00000120                USB_Handler
                0x00000120                TC3_Handler
                0x00000120                Dummy_Handler
                0x00000120                PM_Handler
                0x00000120                SERCOM5_Handler
                0x00000120                TCC2_Handler
                0x00000120                EVSYS_Handler
                0x00000120                SERCOM3_Handler
                0x00000120                SERCOM4_Handler
                0x00000120                I2S_Handler
                0x00000120                NVMCTRL_Handler
                0x00000120                SERCOM0_Handler
                0x00000120                DAC_Handler
                0x00000120                PTC_Handler
                0x00000120                TC5_Handler
                0x00000120                SYSCTRL_Handler
 *fill*         0x00000122        0x2 
 .text.Reset_Handler
                0x00000124       0xc4 Device_Startup/startup_samd21.o
                0x00000124                Reset_Handler
 .text.SPI_0_PORT_init
                0x000001e8       0xbc driver_init.o
                0x000001e8                SPI_0_PORT_init
 .text.SPI_0_CLOCK_init
                0x000002a4       0x20 driver_init.o
                0x000002a4                SPI_0_CLOCK_init
 .text.SPI_0_init
                0x000002c4       0x28 driver_init.o
                0x000002c4                SPI_0_init
 .text.delay_driver_init
                0x000002ec       0x14 driver_init.o
                0x000002ec                delay_driver_init
 .text.system_init
                0x00000300       0xa0 driver_init.o
                0x00000300                system_init
 .text.atomic_enter_critical
                0x000003a0        0xe hal/src/hal_atomic.o
                0x000003a0                atomic_enter_critical
 .text.atomic_leave_critical
                0x000003ae        0xc hal/src/hal_atomic.o
                0x000003ae                atomic_leave_critical
 *fill*         0x000003ba        0x2 
 .text.delay_init
                0x000003bc       0x14 hal/src/hal_delay.o
                0x000003bc                delay_init
 .text.delay_us
                0x000003d0       0x20 hal/src/hal_delay.o
                0x000003d0                delay_us
 .text.delay_ms
                0x000003f0       0x20 hal/src/hal_delay.o
                0x000003f0                delay_ms
 .text.spi_m_sync_init
                0x00000410       0x58 hal/src/hal_spi_m_sync.o
                0x00000410                spi_m_sync_init
 .text.spi_m_sync_enable
                0x00000468       0x28 hal/src/hal_spi_m_sync.o
                0x00000468                spi_m_sync_enable
 .text.spi_m_sync_transfer
                0x00000490       0x48 hal/src/hal_spi_m_sync.o
                0x00000490                spi_m_sync_transfer
 .text._spi_m_sync_io_write
                0x000004d8       0x3c hal/src/hal_spi_m_sync.o
 .text._spi_m_sync_io_read
                0x00000514       0x3c hal/src/hal_spi_m_sync.o
 .text.assert   0x00000550        0x8 hal/utils/src/utils_assert.o
                0x00000550                assert
 .text._get_cycles_for_us
                0x00000558       0x18 hpl/core/hpl_core_m0plus_base.o
                0x00000558                _get_cycles_for_us
 .text._get_cycles_for_ms
                0x00000570        0xc hpl/core/hpl_core_m0plus_base.o
                0x00000570                _get_cycles_for_ms
 .text._init_chip
                0x0000057c       0x30 hpl/core/hpl_init.o
                0x0000057c                _init_chip
 .text._gclk_init_generators_by_fref
                0x000005ac       0x20 hpl/gclk/hpl_gclk.o
                0x000005ac                _gclk_init_generators_by_fref
 .text._pm_init
                0x000005cc       0x20 hpl/pm/hpl_pm.o
                0x000005cc                _pm_init
 .text._sercom_get_hardware_index
                0x000005ec       0x10 hpl/sercom/hpl_sercom.o
 .text._spi_sync_enable
                0x000005fc       0x1e hpl/sercom/hpl_sercom.o
 *fill*         0x0000061a        0x2 
 .text._spi_m_sync_init
                0x0000061c      0x1fc hpl/sercom/hpl_sercom.o
                0x0000061c                _spi_m_sync_init
 .text._spi_m_sync_enable
                0x00000818       0x34 hpl/sercom/hpl_sercom.o
                0x00000818                _spi_m_sync_enable
 .text._spi_m_sync_trans
                0x0000084c      0x114 hpl/sercom/hpl_sercom.o
                0x0000084c                _spi_m_sync_trans
 .text._sysctrl_init_sources
                0x00000960       0x4c hpl/sysctrl/hpl_sysctrl.o
                0x00000960                _sysctrl_init_sources
 .text._sysctrl_init_referenced_generators
                0x000009ac       0x10 hpl/sysctrl/hpl_sysctrl.o
                0x000009ac                _sysctrl_init_referenced_generators
 .text._system_time_init
                0x000009bc       0x14 hpl/systick/hpl_systick.o
                0x000009bc                _system_time_init
 .text._delay_init
                0x000009d0        0xc hpl/systick/hpl_systick.o
                0x000009d0                _delay_init
 .text._delay_cycles
                0x000009dc       0x40 hpl/systick/hpl_systick.o
                0x000009dc                _delay_cycles
 .text.send_iso_command
                0x00000a1c       0x40 led_switcher_main.o
                0x00000a1c                send_iso_command
 .text.main     0x00000a5c       0xf4 led_switcher_main.o
                0x00000a5c                main
 .text          0x00000b50      0x114 c:/program files (x86)/atmel/studio/7.0/toolchain/arm/arm-gnu-toolchain/bin/../lib/gcc/arm-none-eabi/6.3.1/thumb/v6-m\libgcc.a(_udivsi3.o)
                0x00000b50                __aeabi_uidiv
                0x00000b50                __udivsi3
                0x00000c5c                __aeabi_uidivmod
 .text          0x00000c64        0x4 c:/program files (x86)/atmel/studio/7.0/toolchain/arm/arm-gnu-toolchain/bin/../lib/gcc/arm-none-eabi/6.3.1/thumb/v6-m\libgcc.a(_dvmd_tls.o)
                0x00000c64                __aeabi_idiv0
                0x00000c64                __aeabi_ldiv0
 .text.__libc_init_array
                0x00000c68       0x48 c:/program files (x86)/atmel/studio/7.0/toolchain/arm/arm-gnu-toolchain/bin/../lib/gcc/arm-none-eabi/6.3.1/../../../../arm-none-eabi/lib/thumb/v6-m\libc_nano.a(lib_a-init.o)
                0x00000c68                __libc_init_array
 *(.glue_7t)
 .glue_7t       0x00000cb0        0x0 linker stubs
 *(.glue_7)
 .glue_7        0x00000cb0        0x0 linker stubs
 *(.rodata .rodata* .gnu.linkonce.r.*)
 .rodata.str1.4
                0x00000cb0       0x1c hal/src/hal_spi_m_sync.o
 .rodata        0x00000ccc       0x4d hpl/sercom/hpl_sercom.o
 *fill*         0x00000d19        0x3 
 .rodata.str1.4
                0x00000d1c       0x1c hpl/sercom/hpl_sercom.o
                                 0x1b (size before relaxing)
 *(.ARM.extab* .gnu.linkonce.armextab.*)
                0x00000d38                . = ALIGN (0x4)
 *(.init)
 .init          0x00000d38        0x4 c:/program files (x86)/atmel/studio/7.0/toolchain/arm/arm-gnu-toolchain/bin/../lib/gcc/arm-none-eabi/6.3.1/thumb/v6-m/crti.o
                0x00000d38                _init
 .init          0x00000d3c        0x8 c:/program files (x86)/atmel/studio/7.0/toolchain/arm/arm-gnu-toolchain/bin/../lib/gcc/arm-none-eabi/6.3.1/thumb/v6-m/crtn.o
                0x00000d44                . = ALIGN (0x4)
                0x00000d44                __preinit_array_start = .
 *(.preinit_array)
                0x00000d44                __preinit_array_end = .
                0x00000d44                . = ALIGN (0x4)
                0x00000d44                __init_array_start = .
 *(SORT(.init_array.*))
 *(.init_array)
 .init_array    0x00000d44        0x4 c:/program files (x86)/atmel/studio/7.0/toolchain/arm/arm-gnu-toolchain/bin/../lib/gcc/arm-none-eabi/6.3.1/thumb/v6-m/crtbegin.o
                0x00000d48                __init_array_end = .
                0x00000d48                . = ALIGN (0x4)
 *crtbegin.o(.ctors)
 *(EXCLUDE_FILE(*crtend.o) .ctors)
 *(SORT(.ctors.*))
 *crtend.o(.ctors)
                0x00000d48                . = ALIGN (0x4)
 *(.fini)
 .fini          0x00000d48        0x4 c:/program files (x86)/atmel/studio/7.0/toolchain/arm/arm-gnu-toolchain/bin/../lib/gcc/arm-none-eabi/6.3.1/thumb/v6-m/crti.o
                0x00000d48                _fini
 .fini          0x00000d4c        0x8 c:/program files (x86)/atmel/studio/7.0/toolchain/arm/arm-gnu-toolchain/bin/../lib/gcc/arm-none-eabi/6.3.1/thumb/v6-m/crtn.o
                0x00000d54                . = ALIGN (0x4)
                0x00000d54                __fini_array_start = .
 *(.fini_array)
 .fini_array    0x00000d54        0x4 c:/program files (x86)/atmel/studio/7.0/toolchain/arm/arm-gnu-toolchain/bin/../lib/gcc/arm-none-eabi/6.3.1/thumb/v6-m/crtbegin.o
 *(SORT(.fini_array.*))
                0x00000d58                __fini_array_end = .
 *crtbegin.o(.dtors)
 *(EXCLUDE_FILE(*crtend.o) .dtors)
 *(SORT(.dtors.*))
 *crtend.o(.dtors)
                0x00000d58                . = ALIGN (0x4)
                0x00000d58                _efixed = .
                [!provide]                PROVIDE (__exidx_start, .)

.vfp11_veneer   0x00000d58        0x0
 .vfp11_veneer  0x00000d58        0x0 linker stubs

.v4_bx          0x00000d58        0x0
 .v4_bx         0x00000d58        0x0 linker stubs

.iplt           0x00000d58        0x0
 .iplt          0x00000d58        0x0 c:/program files (x86)/atmel/studio/7.0/toolchain/arm/arm-gnu-toolchain/bin/../lib/gcc/arm-none-eabi/6.3.1/thumb/v6-m/crtbegin.o

.eh_frame       0x00000d58        0x0
 .eh_frame      0x00000d58        0x0 c:/program files (x86)/atmel/studio/7.0/toolchain/arm/arm-gnu-toolchain/bin/../lib/gcc/arm-none-eabi/6.3.1/thumb/v6-m/crtbegin.o

.rel.dyn        0x00000d58        0x0
 .rel.iplt      0x00000d58        0x0 c:/program files (x86)/atmel/studio/7.0/toolchain/arm/arm-gnu-toolchain/bin/../lib/gcc/arm-none-eabi/6.3.1/thumb/v6-m/crtbegin.o

.jcr            0x00000d58        0x0
 .jcr           0x00000d58        0x0 c:/program files (x86)/atmel/studio/7.0/toolchain/arm/arm-gnu-toolchain/bin/../lib/gcc/arm-none-eabi/6.3.1/thumb/v6-m/crtbegin.o

.igot.plt       0x00000d58        0x0
 .igot.plt      0x00000d58        0x0 c:/program files (x86)/atmel/studio/7.0/toolchain/arm/arm-gnu-toolchain/bin/../lib/gcc/arm-none-eabi/6.3.1/thumb/v6-m/crtbegin.o

.ARM.exidx
 *(.ARM.exidx* .gnu.linkonce.armexidx.*)
                [!provide]                PROVIDE (__exidx_end, .)
                0x00000d58                . = ALIGN (0x4)
                0x00000d58                _etext = .

.relocate       0x20000000        0x0 load address 0x00000d58
                0x20000000                . = ALIGN (0x4)
                0x20000000                _srelocate = .
 *(.ramfunc .ramfunc.*)
 *(.data .data.*)
                0x20000000                . = ALIGN (0x4)
                0x20000000                _erelocate = .

.bss            0x20000000       0x38
                0x20000000                . = ALIGN (0x4)
                0x20000000                _sbss = .
                0x20000000                _szero = .
 *(.bss .bss.*)
 .bss           0x20000000       0x1c c:/program files (x86)/atmel/studio/7.0/toolchain/arm/arm-gnu-toolchain/bin/../lib/gcc/arm-none-eabi/6.3.1/thumb/v6-m/crtbegin.o
 .bss           0x2000001c        0x4 hal/src/hal_delay.o
 *(COMMON)
 COMMON         0x20000020       0x18 driver_init.o
                0x20000020                SPI_0
                0x20000038                . = ALIGN (0x4)
                0x20000038                _ebss = .
                0x20000038                _ezero = .

.stack          0x20000038     0x2000
                0x20000038                . = ALIGN (0x8)
                0x20000038                _sstack = .
                0x20002038                . = (. + STACK_SIZE)
 *fill*         0x20000038     0x2000 
                0x20002038                . = ALIGN (0x8)
                0x20002038                _estack = .
                0x20002038                . = ALIGN (0x4)
                0x20002038                _end = .
OUTPUT(LEDswitcher.elf elf32-littlearm)

.ARM.attributes
                0x00000000       0x28
 .ARM.attributes
                0x00000000       0x1e c:/program files (x86)/atmel/studio/7.0/toolchain/arm/arm-gnu-toolchain/bin/../lib/gcc/arm-none-eabi/6.3.1/thumb/v6-m/crti.o
 .ARM.attributes
                0x0000001e       0x2c c:/program files (x86)/atmel/studio/7.0/toolchain/arm/arm-gnu-toolchain/bin/../lib/gcc/arm-none-eabi/6.3.1/thumb/v6-m/crtbegin.o
 .ARM.attributes
                0x0000004a       0x32 atmel_start.o
 .ARM.attributes
                0x0000007c       0x32 Device_Startup/startup_samd21.o
 .ARM.attributes
                0x000000ae       0x32 driver_init.o
 .ARM.attributes
                0x000000e0       0x32 hal/src/hal_atomic.o
 .ARM.attributes
                0x00000112       0x32 hal/src/hal_delay.o
 .ARM.attributes
                0x00000144       0x32 hal/src/hal_spi_m_sync.o
 .ARM.attributes
                0x00000176       0x32 hal/utils/src/utils_assert.o
 .ARM.attributes
                0x000001a8       0x32 hpl/core/hpl_core_m0plus_base.o
 .ARM.attributes
                0x000001da       0x32 hpl/core/hpl_init.o
 .ARM.attributes
                0x0000020c       0x32 hpl/gclk/hpl_gclk.o
 .ARM.attributes
                0x0000023e       0x32 hpl/pm/hpl_pm.o
 .ARM.attributes
                0x00000270       0x32 hpl/sercom/hpl_sercom.o
 .ARM.attributes
                0x000002a2       0x32 hpl/sysctrl/hpl_sysctrl.o
 .ARM.attributes
                0x000002d4       0x32 hpl/systick/hpl_systick.o
 .ARM.attributes
                0x00000306       0x32 led_switcher_main.o
 .ARM.attributes
                0x00000338       0x1e c:/program files (x86)/atmel/studio/7.0/toolchain/arm/arm-gnu-toolchain/bin/../lib/gcc/arm-none-eabi/6.3.1/thumb/v6-m\libgcc.a(_udivsi3.o)
 .ARM.attributes
                0x00000356       0x1e c:/program files (x86)/atmel/studio/7.0/toolchain/arm/arm-gnu-toolchain/bin/../lib/gcc/arm-none-eabi/6.3.1/thumb/v6-m\libgcc.a(_dvmd_tls.o)
 .ARM.attributes
                0x00000374       0x2c c:/program files (x86)/atmel/studio/7.0/toolchain/arm/arm-gnu-toolchain/bin/../lib/gcc/arm-none-eabi/6.3.1/../../../../arm-none-eabi/lib/thumb/v6-m\libc_nano.a(lib_a-init.o)
 .ARM.attributes
                0x000003a0       0x1e c:/program files (x86)/atmel/studio/7.0/toolchain/arm/arm-gnu-toolchain/bin/../lib/gcc/arm-none-eabi/6.3.1/thumb/v6-m/crtn.o

.comment        0x00000000       0x59
 .comment       0x00000000       0x59 atmel_start.o
                                 0x5a (size before relaxing)
 .comment       0x00000059       0x5a Device_Startup/startup_samd21.o
 .comment       0x00000059       0x5a driver_init.o
 .comment       0x00000059       0x5a hal/src/hal_atomic.o
 .comment       0x00000059       0x5a hal/src/hal_delay.o
 .comment       0x00000059       0x5a hal/src/hal_spi_m_sync.o
 .comment       0x00000059       0x5a hal/utils/src/utils_assert.o
 .comment       0x00000059       0x5a hpl/core/hpl_core_m0plus_base.o
 .comment       0x00000059       0x5a hpl/core/hpl_init.o
 .comment       0x00000059       0x5a hpl/gclk/hpl_gclk.o
 .comment       0x00000059       0x5a hpl/pm/hpl_pm.o
 .comment       0x00000059       0x5a hpl/sercom/hpl_sercom.o
 .comment       0x00000059       0x5a hpl/sysctrl/hpl_sysctrl.o
 .comment       0x00000059       0x5a hpl/systick/hpl_systick.o
 .comment       0x00000059       0x5a led_switcher_main.o

.debug_info     0x00000000    0x1cdcb
 .debug_info    0x00000000      0x251 atmel_start.o
 .debug_info    0x00000251     0x3a2c Device_Startup/startup_samd21.o
 .debug_info    0x00003c7d     0x8406 driver_init.o
 .debug_info    0x0000c083      0x1d1 hal/src/hal_atomic.o
 .debug_info    0x0000c254      0x1dc hal/src/hal_delay.o
 .debug_info    0x0000c430      0x9c9 hal/src/hal_spi_m_sync.o
 .debug_info    0x0000cdf9      0x107 hal/utils/src/utils_assert.o
 .debug_info    0x0000cf00      0x80d hpl/core/hpl_core_m0plus_base.o
 .debug_info    0x0000d70d      0x677 hpl/core/hpl_init.o
 .debug_info    0x0000dd84      0x4e1 hpl/gclk/hpl_gclk.o
 .debug_info    0x0000e265      0xc6d hpl/pm/hpl_pm.o
 .debug_info    0x0000eed2     0xb27e hpl/sercom/hpl_sercom.o
 .debug_info    0x0001a150     0x1454 hpl/sysctrl/hpl_sysctrl.o
 .debug_info    0x0001b5a4      0x25e hpl/systick/hpl_systick.o
 .debug_info    0x0001b802     0x15c9 led_switcher_main.o

.debug_abbrev   0x00000000     0x1f89
 .debug_abbrev  0x00000000       0xe3 atmel_start.o
 .debug_abbrev  0x000000e3      0x227 Device_Startup/startup_samd21.o
 .debug_abbrev  0x0000030a      0x384 driver_init.o
 .debug_abbrev  0x0000068e      0x144 hal/src/hal_atomic.o
 .debug_abbrev  0x000007d2       0xe1 hal/src/hal_delay.o
 .debug_abbrev  0x000008b3      0x1b1 hal/src/hal_spi_m_sync.o
 .debug_abbrev  0x00000a64       0x86 hal/utils/src/utils_assert.o
 .debug_abbrev  0x00000aea      0x2a8 hpl/core/hpl_core_m0plus_base.o
 .debug_abbrev  0x00000d92      0x1cc hpl/core/hpl_init.o
 .debug_abbrev  0x00000f5e      0x1c3 hpl/gclk/hpl_gclk.o
 .debug_abbrev  0x00001121      0x211 hpl/pm/hpl_pm.o
 .debug_abbrev  0x00001332      0x593 hpl/sercom/hpl_sercom.o
 .debug_abbrev  0x000018c5      0x1fb hpl/sysctrl/hpl_sysctrl.o
 .debug_abbrev  0x00001ac0      0x172 hpl/systick/hpl_systick.o
 .debug_abbrev  0x00001c32      0x357 led_switcher_main.o

.debug_loc      0x00000000     0x9f77
 .debug_loc     0x00000000       0x20 atmel_start.o
 .debug_loc     0x00000020       0x78 Device_Startup/startup_samd21.o
 .debug_loc     0x00000098      0xbdb driver_init.o
 .debug_loc     0x00000c73       0x13 hal/src/hal_atomic.o
 .debug_loc     0x00000c86       0xc3 hal/src/hal_delay.o
 .debug_loc     0x00000d49      0x728 hal/src/hal_spi_m_sync.o
 .debug_loc     0x00001471      0x28f hpl/core/hpl_core_m0plus_base.o
 .debug_loc     0x00001700       0x4c hpl/core/hpl_init.o
 .debug_loc     0x0000174c       0xa3 hpl/gclk/hpl_gclk.o
 .debug_loc     0x000017ef      0x11b hpl/pm/hpl_pm.o
 .debug_loc     0x0000190a     0x7d95 hpl/sercom/hpl_sercom.o
 .debug_loc     0x0000969f      0x153 hpl/sysctrl/hpl_sysctrl.o
 .debug_loc     0x000097f2       0xf9 hpl/systick/hpl_systick.o
 .debug_loc     0x000098eb      0x68c led_switcher_main.o

.debug_aranges  0x00000000      0x820
 .debug_aranges
                0x00000000       0x20 atmel_start.o
 .debug_aranges
                0x00000020       0x28 Device_Startup/startup_samd21.o
 .debug_aranges
                0x00000048       0x40 driver_init.o
 .debug_aranges
                0x00000088       0x30 hal/src/hal_atomic.o
 .debug_aranges
                0x000000b8       0x38 hal/src/hal_delay.o
 .debug_aranges
                0x000000f0       0x88 hal/src/hal_spi_m_sync.o
 .debug_aranges
                0x00000178       0x20 hal/utils/src/utils_assert.o
 .debug_aranges
                0x00000198       0x70 hpl/core/hpl_core_m0plus_base.o
 .debug_aranges
                0x00000208       0x20 hpl/core/hpl_init.o
 .debug_aranges
                0x00000228       0x28 hpl/gclk/hpl_gclk.o
 .debug_aranges
                0x00000250       0x30 hpl/pm/hpl_pm.o
 .debug_aranges
                0x00000280      0x508 hpl/sercom/hpl_sercom.o
 .debug_aranges
                0x00000788       0x28 hpl/sysctrl/hpl_sysctrl.o
 .debug_aranges
                0x000007b0       0x48 hpl/systick/hpl_systick.o
 .debug_aranges
                0x000007f8       0x28 led_switcher_main.o

.debug_ranges   0x00000000      0x900
 .debug_ranges  0x00000000       0x10 atmel_start.o
 .debug_ranges  0x00000010       0x18 Device_Startup/startup_samd21.o
 .debug_ranges  0x00000028       0x30 driver_init.o
 .debug_ranges  0x00000058       0x20 hal/src/hal_atomic.o
 .debug_ranges  0x00000078       0x28 hal/src/hal_delay.o
 .debug_ranges  0x000000a0       0x78 hal/src/hal_spi_m_sync.o
 .debug_ranges  0x00000118       0x10 hal/utils/src/utils_assert.o
 .debug_ranges  0x00000128       0x60 hpl/core/hpl_core_m0plus_base.o
 .debug_ranges  0x00000188       0x10 hpl/core/hpl_init.o
 .debug_ranges  0x00000198       0x18 hpl/gclk/hpl_gclk.o
 .debug_ranges  0x000001b0       0x20 hpl/pm/hpl_pm.o
 .debug_ranges  0x000001d0      0x6c8 hpl/sercom/hpl_sercom.o
 .debug_ranges  0x00000898       0x18 hpl/sysctrl/hpl_sysctrl.o
 .debug_ranges  0x000008b0       0x38 hpl/systick/hpl_systick.o
 .debug_ranges  0x000008e8       0x18 led_switcher_main.o

.debug_macro    0x00000000    0x175eb
 .debug_macro   0x00000000      0x517 atmel_start.o
 .debug_macro   0x00000517      0x89e atmel_start.o
 .debug_macro   0x00000db5      0x16d atmel_start.o
 .debug_macro   0x00000f22       0x22 atmel_start.o
 .debug_macro   0x00000f44       0x87 atmel_start.o
 .debug_macro   0x00000fcb       0x51 atmel_start.o
 .debug_macro   0x0000101c       0xef atmel_start.o
 .debug_macro   0x0000110b       0x6a atmel_start.o
 .debug_macro   0x00001175      0x1df atmel_start.o
 .debug_macro   0x00001354       0x22 atmel_start.o
 .debug_macro   0x00001376       0x3f atmel_start.o
 .debug_macro   0x000013b5       0x1c atmel_start.o
 .debug_macro   0x000013d1       0x22 atmel_start.o
 .debug_macro   0x000013f3       0xb5 atmel_start.o
 .debug_macro   0x000014a8      0x3ad atmel_start.o
 .debug_macro   0x00001855      0x67e atmel_start.o
 .debug_macro   0x00001ed3      0x8b1 atmel_start.o
 .debug_macro   0x00002784      0x22e atmel_start.o
 .debug_macro   0x000029b2      0xd5c atmel_start.o
 .debug_macro   0x0000370e      0x4dc atmel_start.o
 .debug_macro   0x00003bea      0x9f6 atmel_start.o
 .debug_macro   0x000045e0      0x82b atmel_start.o
 .debug_macro   0x00004e0b      0x45f atmel_start.o
 .debug_macro   0x0000526a       0x5e atmel_start.o
 .debug_macro   0x000052c8      0x8f9 atmel_start.o
 .debug_macro   0x00005bc1      0x21c atmel_start.o
 .debug_macro   0x00005ddd      0x735 atmel_start.o
 .debug_macro   0x00006512       0x5e atmel_start.o
 .debug_macro   0x00006570      0x632 atmel_start.o
 .debug_macro   0x00006ba2      0x3ac atmel_start.o
 .debug_macro   0x00006f4e      0xc76 atmel_start.o
 .debug_macro   0x00007bc4     0x1092 atmel_start.o
 .debug_macro   0x00008c56      0xc4a atmel_start.o
 .debug_macro   0x000098a0      0x6ba atmel_start.o
 .debug_macro   0x00009f5a     0x1b3d atmel_start.o
 .debug_macro   0x0000ba97     0x143c atmel_start.o
 .debug_macro   0x0000ced3      0x340 atmel_start.o
 .debug_macro   0x0000d213       0x7c atmel_start.o
 .debug_macro   0x0000d28f       0xa0 atmel_start.o
 .debug_macro   0x0000d32f       0x4c atmel_start.o
 .debug_macro   0x0000d37b       0xca atmel_start.o
 .debug_macro   0x0000d445       0x94 atmel_start.o
 .debug_macro   0x0000d4d9       0x58 atmel_start.o
 .debug_macro   0x0000d531      0x341 atmel_start.o
 .debug_macro   0x0000d872       0x82 atmel_start.o
 .debug_macro   0x0000d8f4      0x189 atmel_start.o
 .debug_macro   0x0000da7d       0xb8 atmel_start.o
 .debug_macro   0x0000db35       0xa0 atmel_start.o
 .debug_macro   0x0000dbd5       0xb2 atmel_start.o
 .debug_macro   0x0000dc87       0x1c atmel_start.o
 .debug_macro   0x0000dca3       0x1c atmel_start.o
 .debug_macro   0x0000dcbf       0x1c atmel_start.o
 .debug_macro   0x0000dcdb       0x7c atmel_start.o
 .debug_macro   0x0000dd57      0x15a atmel_start.o
 .debug_macro   0x0000deb1       0x10 atmel_start.o
 .debug_macro   0x0000dec1       0xdc atmel_start.o
 .debug_macro   0x0000df9d      0x124 atmel_start.o
 .debug_macro   0x0000e0c1      0x124 atmel_start.o
 .debug_macro   0x0000e1e5      0x124 atmel_start.o
 .debug_macro   0x0000e309      0x124 atmel_start.o
 .debug_macro   0x0000e42d      0x124 atmel_start.o
 .debug_macro   0x0000e551      0x124 atmel_start.o
 .debug_macro   0x0000e675      0x124 atmel_start.o
 .debug_macro   0x0000e799       0xe2 atmel_start.o
 .debug_macro   0x0000e87b       0xe2 atmel_start.o
 .debug_macro   0x0000e95d       0xe2 atmel_start.o
 .debug_macro   0x0000ea3f       0xe2 atmel_start.o
 .debug_macro   0x0000eb21       0xe2 atmel_start.o
 .debug_macro   0x0000ec03      0x12a atmel_start.o
 .debug_macro   0x0000ed2d      0x100 atmel_start.o
 .debug_macro   0x0000ee2d       0xf4 atmel_start.o
 .debug_macro   0x0000ef21      0x40f atmel_start.o
 .debug_macro   0x0000f330       0x40 atmel_start.o
 .debug_macro   0x0000f370      0x392 atmel_start.o
 .debug_macro   0x0000f702     0x1fb0 atmel_start.o
 .debug_macro   0x000116b2       0x6d atmel_start.o
 .debug_macro   0x0001171f       0x10 atmel_start.o
 .debug_macro   0x0001172f       0x10 atmel_start.o
 .debug_macro   0x0001173f       0x16 atmel_start.o
 .debug_macro   0x00011755       0x16 atmel_start.o
 .debug_macro   0x0001176b       0x16 atmel_start.o
 .debug_macro   0x00011781       0x16 atmel_start.o
 .debug_macro   0x00011797       0x16 atmel_start.o
 .debug_macro   0x000117ad       0x16 atmel_start.o
 .debug_macro   0x000117c3       0x16 atmel_start.o
 .debug_macro   0x000117d9       0x16 atmel_start.o
 .debug_macro   0x000117ef       0x16 atmel_start.o
 .debug_macro   0x00011805       0x16 atmel_start.o
 .debug_macro   0x0001181b       0x16 atmel_start.o
 .debug_macro   0x00011831       0x16 atmel_start.o
 .debug_macro   0x00011847       0x16 atmel_start.o
 .debug_macro   0x0001185d       0x16 atmel_start.o
 .debug_macro   0x00011873      0x4c3 atmel_start.o
 .debug_macro   0x00011d36       0x94 atmel_start.o
 .debug_macro   0x00011dca       0x16 atmel_start.o
 .debug_macro   0x00011de0       0x6a atmel_start.o
 .debug_macro   0x00011e4a      0x28c atmel_start.o
 .debug_macro   0x000120d6      0x4d8 atmel_start.o
 .debug_macro   0x000125ae       0x16 atmel_start.o
 .debug_macro   0x000125c4       0xca atmel_start.o
 .debug_macro   0x0001268e       0x1c atmel_start.o
 .debug_macro   0x000126aa       0x16 atmel_start.o
 .debug_macro   0x000126c0       0x64 atmel_start.o
 .debug_macro   0x00012724       0xc9 atmel_start.o
 .debug_macro   0x000127ed      0x310 Device_Startup/startup_samd21.o
 .debug_macro   0x00012afd       0x39 Device_Startup/startup_samd21.o
 .debug_macro   0x00012b36      0x52c driver_init.o
 .debug_macro   0x00013062       0x28 driver_init.o
 .debug_macro   0x0001308a      0x43e hal/src/hal_atomic.o
 .debug_macro   0x000134c8      0x470 hal/src/hal_delay.o
 .debug_macro   0x00013938      0x494 hal/src/hal_spi_m_sync.o
 .debug_macro   0x00013dcc      0x447 hal/utils/src/utils_assert.o
 .debug_macro   0x00014213       0x10 hal/utils/src/utils_assert.o
 .debug_macro   0x00014223      0x495 hpl/core/hpl_core_m0plus_base.o
 .debug_macro   0x000146b8      0x4b8 hpl/core/hpl_init.o
 .debug_macro   0x00014b70       0x2e hpl/core/hpl_init.o
 .debug_macro   0x00014b9e      0x6ec hpl/core/hpl_init.o
 .debug_macro   0x0001528a      0x45a hpl/gclk/hpl_gclk.o
 .debug_macro   0x000156e4      0x1f3 hpl/gclk/hpl_gclk.o
 .debug_macro   0x000158d7      0x47d hpl/pm/hpl_pm.o
 .debug_macro   0x00015d54      0x685 hpl/sercom/hpl_sercom.o
 .debug_macro   0x000163d9       0x70 hpl/sercom/hpl_sercom.o
 .debug_macro   0x00016449       0x94 hpl/sercom/hpl_sercom.o
 .debug_macro   0x000164dd       0x10 hpl/sercom/hpl_sercom.o
 .debug_macro   0x000164ed       0x1c hpl/sercom/hpl_sercom.o
 .debug_macro   0x00016509       0x22 hpl/sercom/hpl_sercom.o
 .debug_macro   0x0001652b       0x10 hpl/sercom/hpl_sercom.o
 .debug_macro   0x0001653b      0x454 hpl/sysctrl/hpl_sysctrl.o
 .debug_macro   0x0001698f      0x2da hpl/sysctrl/hpl_sysctrl.o
 .debug_macro   0x00016c69      0x44b hpl/systick/hpl_systick.o
 .debug_macro   0x000170b4       0x10 hpl/systick/hpl_systick.o
 .debug_macro   0x000170c4      0x527 led_switcher_main.o

.debug_line     0x00000000     0xb5a8
 .debug_line    0x00000000      0xa7f atmel_start.o
 .debug_line    0x00000a7f      0x70c Device_Startup/startup_samd21.o
 .debug_line    0x0000118b      0xbc3 driver_init.o
 .debug_line    0x00001d4e      0x986 hal/src/hal_atomic.o
 .debug_line    0x000026d4      0x9b1 hal/src/hal_delay.o
 .debug_line    0x00003085      0xb04 hal/src/hal_spi_m_sync.o
 .debug_line    0x00003b89      0x950 hal/utils/src/utils_assert.o
 .debug_line    0x000044d9      0xaff hpl/core/hpl_core_m0plus_base.o
 .debug_line    0x00004fd8      0xa30 hpl/core/hpl_init.o
 .debug_line    0x00005a08      0x9aa hpl/gclk/hpl_gclk.o
 .debug_line    0x000063b2      0x9f6 hpl/pm/hpl_pm.o
 .debug_line    0x00006da8     0x28d7 hpl/sercom/hpl_sercom.o
 .debug_line    0x0000967f      0x9d9 hpl/sysctrl/hpl_sysctrl.o
 .debug_line    0x0000a058      0x9db hpl/systick/hpl_systick.o
 .debug_line    0x0000aa33      0xb75 led_switcher_main.o

.debug_str      0x00000000    0x83eeb
 .debug_str     0x00000000    0x7970b atmel_start.o
                              0x79b80 (size before relaxing)
 .debug_str     0x0007970b     0x10b4 Device_Startup/startup_samd21.o
                              0x71795 (size before relaxing)
 .debug_str     0x0007a7bf     0x11b3 driver_init.o
                              0x7bb4b (size before relaxing)
 .debug_str     0x0007b972       0xa3 hal/src/hal_atomic.o
                              0x79251 (size before relaxing)
 .debug_str     0x0007ba15       0x9b hal/src/hal_delay.o
                              0x792bb (size before relaxing)
 .debug_str     0x0007bab0      0x2fd hal/src/hal_spi_m_sync.o
                              0x79beb (size before relaxing)
 .debug_str     0x0007bdad       0x2f hal/utils/src/utils_assert.o
                              0x79261 (size before relaxing)
 .debug_str     0x0007bddc      0x32b hpl/core/hpl_core_m0plus_base.o
                              0x79c3a (size before relaxing)
 .debug_str     0x0007c107     0x17d7 hpl/core/hpl_init.o
                              0x7ad98 (size before relaxing)
 .debug_str     0x0007d8de      0x85d hpl/gclk/hpl_gclk.o
                              0x79b8c (size before relaxing)
 .debug_str     0x0007e13b      0x194 hpl/pm/hpl_pm.o
                              0x798f7 (size before relaxing)
 .debug_str     0x0007e2cf     0x4838 hpl/sercom/hpl_sercom.o
                              0x7ed38 (size before relaxing)
 .debug_str     0x00082b07     0x11cf hpl/sysctrl/hpl_sysctrl.o
                              0x7a530 (size before relaxing)
 .debug_str     0x00083cd6       0xcd hpl/systick/hpl_systick.o
                              0x792a9 (size before relaxing)
 .debug_str     0x00083da3      0x148 led_switcher_main.o
                              0x7a14e (size before relaxing)

.debug_frame    0x00000000     0x1490
 .debug_frame   0x00000000       0x28 atmel_start.o
 .debug_frame   0x00000028       0x40 Device_Startup/startup_samd21.o
 .debug_frame   0x00000068       0x90 driver_init.o
 .debug_frame   0x000000f8       0x40 hal/src/hal_atomic.o
 .debug_frame   0x00000138       0x68 hal/src/hal_delay.o
 .debug_frame   0x000001a0      0x188 hal/src/hal_spi_m_sync.o
 .debug_frame   0x00000328       0x20 hal/utils/src/utils_assert.o
 .debug_frame   0x00000348       0xd4 hpl/core/hpl_core_m0plus_base.o
 .debug_frame   0x0000041c       0x28 hpl/core/hpl_init.o
 .debug_frame   0x00000444       0x30 hpl/gclk/hpl_gclk.o
 .debug_frame   0x00000474       0x40 hpl/pm/hpl_pm.o
 .debug_frame   0x000004b4      0xe9c hpl/sercom/hpl_sercom.o
 .debug_frame   0x00001350       0x30 hpl/sysctrl/hpl_sysctrl.o
 .debug_frame   0x00001380       0x78 hpl/systick/hpl_systick.o
 .debug_frame   0x000013f8       0x4c led_switcher_main.o
 .debug_frame   0x00001444       0x20 c:/program files (x86)/atmel/studio/7.0/toolchain/arm/arm-gnu-toolchain/bin/../lib/gcc/arm-none-eabi/6.3.1/thumb/v6-m\libgcc.a(_udivsi3.o)
 .debug_frame   0x00001464       0x2c c:/program files (x86)/atmel/studio/7.0/toolchain/arm/arm-gnu-toolchain/bin/../lib/gcc/arm-none-eabi/6.3.1/../../../../arm-none-eabi/lib/thumb/v6-m\libc_nano.a(lib_a-init.o)
