Archive member included to satisfy reference by file (symbol)

c:/program files (x86)/atmel/studio/7.0/toolchain/arm/arm-gnu-toolchain/bin/../lib/gcc/arm-none-eabi/6.3.1/thumb/v6-m\libgcc.a(_udivsi3.o)
                              hpl/core/hpl_core_m0plus_base.o (__aeabi_uidiv)
c:/program files (x86)/atmel/studio/7.0/toolchain/arm/arm-gnu-toolchain/bin/../lib/gcc/arm-none-eabi/6.3.1/thumb/v6-m\libgcc.a(_dvmd_tls.o)
                              c:/program files (x86)/atmel/studio/7.0/toolchain/arm/arm-gnu-toolchain/bin/../lib/gcc/arm-none-eabi/6.3.1/thumb/v6-m\libgcc.a(_udivsi3.o) (__aeabi_idiv0)
c:/program files (x86)/atmel/studio/7.0/toolchain/arm/arm-gnu-toolchain/bin/../lib/gcc/arm-none-eabi/6.3.1/thumb/v6-m\libgcc.a(_aeabi_uldivmod.o)
                              hpl/sercom/hpl_sercom.o (__aeabi_uldivmod)
c:/program files (x86)/atmel/studio/7.0/toolchain/arm/arm-gnu-toolchain/bin/../lib/gcc/arm-none-eabi/6.3.1/thumb/v6-m\libgcc.a(_muldi3.o)
                              hpl/sercom/hpl_sercom.o (__aeabi_lmul)
c:/program files (x86)/atmel/studio/7.0/toolchain/arm/arm-gnu-toolchain/bin/../lib/gcc/arm-none-eabi/6.3.1/thumb/v6-m\libgcc.a(_fixunsdfsi.o)
                              hpl/sercom/hpl_sercom.o (__aeabi_d2uiz)
c:/program files (x86)/atmel/studio/7.0/toolchain/arm/arm-gnu-toolchain/bin/../lib/gcc/arm-none-eabi/6.3.1/thumb/v6-m\libgcc.a(_udivmoddi4.o)
                              c:/program files (x86)/atmel/studio/7.0/toolchain/arm/arm-gnu-toolchain/bin/../lib/gcc/arm-none-eabi/6.3.1/thumb/v6-m\libgcc.a(_aeabi_uldivmod.o) (__udivmoddi4)
c:/program files (x86)/atmel/studio/7.0/toolchain/arm/arm-gnu-toolchain/bin/../lib/gcc/arm-none-eabi/6.3.1/thumb/v6-m\libgcc.a(divdf3.o)
                              hpl/sercom/hpl_sercom.o (__aeabi_ddiv)
c:/program files (x86)/atmel/studio/7.0/toolchain/arm/arm-gnu-toolchain/bin/../lib/gcc/arm-none-eabi/6.3.1/thumb/v6-m\libgcc.a(muldf3.o)
                              hpl/sercom/hpl_sercom.o (__aeabi_dmul)
c:/program files (x86)/atmel/studio/7.0/toolchain/arm/arm-gnu-toolchain/bin/../lib/gcc/arm-none-eabi/6.3.1/thumb/v6-m\libgcc.a(subdf3.o)
                              hpl/sercom/hpl_sercom.o (__aeabi_dsub)
c:/program files (x86)/atmel/studio/7.0/toolchain/arm/arm-gnu-toolchain/bin/../lib/gcc/arm-none-eabi/6.3.1/thumb/v6-m\libgcc.a(fixdfsi.o)
                              c:/program files (x86)/atmel/studio/7.0/toolchain/arm/arm-gnu-toolchain/bin/../lib/gcc/arm-none-eabi/6.3.1/thumb/v6-m\libgcc.a(_fixunsdfsi.o) (__aeabi_d2iz)
c:/program files (x86)/atmel/studio/7.0/toolchain/arm/arm-gnu-toolchain/bin/../lib/gcc/arm-none-eabi/6.3.1/thumb/v6-m\libgcc.a(floatsidf.o)
                              hpl/sercom/hpl_sercom.o (__aeabi_i2d)
c:/program files (x86)/atmel/studio/7.0/toolchain/arm/arm-gnu-toolchain/bin/../lib/gcc/arm-none-eabi/6.3.1/thumb/v6-m\libgcc.a(floatunsidf.o)
                              hpl/sercom/hpl_sercom.o (__aeabi_ui2d)
c:/program files (x86)/atmel/studio/7.0/toolchain/arm/arm-gnu-toolchain/bin/../lib/gcc/arm-none-eabi/6.3.1/thumb/v6-m\libgcc.a(_arm_cmpdf2.o)
                              c:/program files (x86)/atmel/studio/7.0/toolchain/arm/arm-gnu-toolchain/bin/../lib/gcc/arm-none-eabi/6.3.1/thumb/v6-m\libgcc.a(_fixunsdfsi.o) (__aeabi_dcmpge)
c:/program files (x86)/atmel/studio/7.0/toolchain/arm/arm-gnu-toolchain/bin/../lib/gcc/arm-none-eabi/6.3.1/thumb/v6-m\libgcc.a(_clzsi2.o)
                              c:/program files (x86)/atmel/studio/7.0/toolchain/arm/arm-gnu-toolchain/bin/../lib/gcc/arm-none-eabi/6.3.1/thumb/v6-m\libgcc.a(divdf3.o) (__clzsi2)
c:/program files (x86)/atmel/studio/7.0/toolchain/arm/arm-gnu-toolchain/bin/../lib/gcc/arm-none-eabi/6.3.1/thumb/v6-m\libgcc.a(_clzdi2.o)
                              c:/program files (x86)/atmel/studio/7.0/toolchain/arm/arm-gnu-toolchain/bin/../lib/gcc/arm-none-eabi/6.3.1/thumb/v6-m\libgcc.a(_udivmoddi4.o) (__clzdi2)
c:/program files (x86)/atmel/studio/7.0/toolchain/arm/arm-gnu-toolchain/bin/../lib/gcc/arm-none-eabi/6.3.1/thumb/v6-m\libgcc.a(eqdf2.o)
                              c:/program files (x86)/atmel/studio/7.0/toolchain/arm/arm-gnu-toolchain/bin/../lib/gcc/arm-none-eabi/6.3.1/thumb/v6-m\libgcc.a(_arm_cmpdf2.o) (__eqdf2)
c:/program files (x86)/atmel/studio/7.0/toolchain/arm/arm-gnu-toolchain/bin/../lib/gcc/arm-none-eabi/6.3.1/thumb/v6-m\libgcc.a(gedf2.o)
                              c:/program files (x86)/atmel/studio/7.0/toolchain/arm/arm-gnu-toolchain/bin/../lib/gcc/arm-none-eabi/6.3.1/thumb/v6-m\libgcc.a(_arm_cmpdf2.o) (__gedf2)
c:/program files (x86)/atmel/studio/7.0/toolchain/arm/arm-gnu-toolchain/bin/../lib/gcc/arm-none-eabi/6.3.1/thumb/v6-m\libgcc.a(ledf2.o)
                              c:/program files (x86)/atmel/studio/7.0/toolchain/arm/arm-gnu-toolchain/bin/../lib/gcc/arm-none-eabi/6.3.1/thumb/v6-m\libgcc.a(_arm_cmpdf2.o) (__ledf2)
[...]
Memory Configuration

Name             Origin             Length             Attributes
rom              0x00000000         0x00040000         xr
ram              0x20000000         0x00008000         xrw
*default*        0x00000000         0xffffffff

Linker script and memory map

LOAD c:/program files (x86)/atmel/studio/7.0/toolchain/arm/arm-gnu-toolchain/bin/../lib/gcc/arm-none-eabi/6.3.1/thumb/v6-m/crti.o
LOAD c:/program files (x86)/atmel/studio/7.0/toolchain/arm/arm-gnu-toolchain/bin/../lib/gcc/arm-none-eabi/6.3.1/thumb/v6-m/crtbegin.o
LOAD c:/program files (x86)/atmel/studio/7.0/toolchain/arm/arm-gnu-toolchain/bin/../lib/gcc/arm-none-eabi/6.3.1/../../../../arm-none-eabi/lib/thumb/v6-m/crt0.o
LOAD atmel_start.o
LOAD Device_Startup/startup_samd21.o
LOAD Device_Startup/system_samd21.o
LOAD driver_init.o
LOAD examples/driver_examples.o
LOAD hal/src/hal_atomic.o
LOAD hal/src/hal_delay.o
LOAD hal/src/hal_gpio.o
LOAD hal/src/hal_init.o
LOAD hal/src/hal_io.o
LOAD hal/src/hal_sleep.o
LOAD hal/src/hal_spi_m_sync.o
LOAD hal/src/hal_usart_sync.o
LOAD hal/utils/src/utils_assert.o
LOAD hal/utils/src/utils_event.o
LOAD hal/utils/src/utils_list.o
LOAD hal/utils/src/utils_syscalls.o
LOAD hpl/core/hpl_core_m0plus_base.o
LOAD hpl/core/hpl_init.o
LOAD hpl/dmac/hpl_dmac.o
LOAD hpl/gclk/hpl_gclk.o
LOAD hpl/pm/hpl_pm.o
LOAD hpl/sercom/hpl_sercom.o
LOAD hpl/sysctrl/hpl_sysctrl.o
LOAD hpl/systick/hpl_systick.o
LOAD led_switcher_main.o
START GROUP
LOAD c:/program files (x86)/atmel/studio/7.0/toolchain/arm/arm-gnu-toolchain/bin/../lib/gcc/arm-none-eabi/6.3.1/../../../../arm-none-eabi/lib/thumb/v6-m\libm.a
END GROUP
START GROUP
LOAD c:/program files (x86)/atmel/studio/7.0/toolchain/arm/arm-gnu-toolchain/bin/../lib/gcc/arm-none-eabi/6.3.1/thumb/v6-m\libgcc.a
LOAD c:/program files (x86)/atmel/studio/7.0/toolchain/arm/arm-gnu-toolchain/bin/../lib/gcc/arm-none-eabi/6.3.1/../../../../arm-none-eabi/lib/thumb/v6-m\libc_nano.a
END GROUP
START GROUP
LOAD c:/program files (x86)/atmel/studio/7.0/toolchain/arm/arm-gnu-toolchain/bin/../lib/gcc/arm-none-eabi/6.3.1/thumb/v6-m\libgcc.a
LOAD c:/program files (x86)/atmel/studio/7.0/toolchain/arm/arm-gnu-toolchain/bin/../lib/gcc/arm-none-eabi/6.3.1/../../../../arm-none-eabi/lib/thumb/v6-m\libc_nano.a
END GROUP
LOAD c:/program files (x86)/atmel/studio/7.0/toolchain/arm/arm-gnu-toolchain/bin/../lib/gcc/arm-none-eabi/6.3.1/thumb/v6-m/crtend.o
LOAD c:/program files (x86)/atmel/studio/7.0/toolchain/arm/arm-gnu-toolchain/bin/../lib/gcc/arm-none-eabi/6.3.1/thumb/v6-m/crtn.o
                0x00002000                STACK_SIZE = DEFINED (STACK_SIZE)?STACK_SIZE:DEFINED (__stack_size__)?__stack_size__:0x2000

.text           0x00000000     0x1ad4
                0x00000000                . = ALIGN (0x4)
                0x00000000                _sfixed = .
 *(.vectors .vectors.*)
 .vectors       0x00000000       0xb4 Device_Startup/startup_samd21.o
                0x00000000                exception_table
 *(.text .text.* .gnu.linkonce.t.*)
 .text          0x000000b4       0x60 c:/program files (x86)/atmel/studio/7.0/toolchain/arm/arm-gnu-toolchain/bin/../lib/gcc/arm-none-eabi/6.3.1/thumb/v6-m/crtbegin.o
 .text.atmel_start_init
                0x00000114        0xc atmel_start.o
                0x00000114                atmel_start_init
 .text.Dummy_Handler
                0x00000120        0x2 Device_Startup/startup_samd21.o
                0x00000120                SVCall_Handler
                0x00000120                DMAC_Handler
                0x00000120                HardFault_Handler
                0x00000120                AC_Handler
                0x00000120                SysTick_Handler
                0x00000120                PendSV_Handler
                0x00000120                TC7_Handler
                0x00000120                SERCOM1_Handler
                0x00000120                ADC_Handler
                0x00000120                NonMaskableInt_Handler
                0x00000120                TCC1_Handler
                0x00000120                SERCOM2_Handler
                0x00000120                TCC0_Handler
                0x00000120                RTC_Handler
                0x00000120                EIC_Handler
                0x00000120                TC6_Handler
                0x00000120                WDT_Handler
                0x00000120                TC4_Handler
                0x00000120                USB_Handler
                0x00000120                TC3_Handler
                0x00000120                Dummy_Handler
                0x00000120                PM_Handler
                0x00000120                SERCOM5_Handler
                0x00000120                TCC2_Handler
                0x00000120                EVSYS_Handler
                0x00000120                SERCOM3_Handler
                0x00000120                SERCOM4_Handler
                0x00000120                I2S_Handler
                0x00000120                NVMCTRL_Handler
                0x00000120                SERCOM0_Handler
                0x00000120                DAC_Handler
                0x00000120                PTC_Handler
                0x00000120                TC5_Handler
                0x00000120                SYSCTRL_Handler
 *fill*         0x00000122        0x2 
 .text.Reset_Handler
                0x00000124       0xc4 Device_Startup/startup_samd21.o
                0x00000124                Reset_Handler
 .text.SPI_0_PORT_init
                0x000001e8       0xbc driver_init.o
                0x000001e8                SPI_0_PORT_init
 .text.SPI_0_CLOCK_init
                0x000002a4       0x20 driver_init.o
                0x000002a4                SPI_0_CLOCK_init
 .text.SPI_0_init
                0x000002c4       0x28 driver_init.o
                0x000002c4                SPI_0_init
 .text.USART_0_PORT_init
                0x000002ec       0x44 driver_init.o
                0x000002ec                USART_0_PORT_init
 .text.USART_0_CLOCK_init
                0x00000330       0x20 driver_init.o
                0x00000330                USART_0_CLOCK_init
 .text.USART_0_init
                0x00000350       0x2c driver_init.o
                0x00000350                USART_0_init
 .text.delay_driver_init
                0x0000037c       0x14 driver_init.o
                0x0000037c                delay_driver_init
 .text.system_init
                0x00000390       0xa8 driver_init.o
                0x00000390                system_init
 .text.delay_init
                0x00000438       0x14 hal/src/hal_delay.o
                0x00000438                delay_init
 .text.delay_us
                0x0000044c       0x20 hal/src/hal_delay.o
                0x0000044c                delay_us
 .text.io_write
                0x0000046c       0x38 hal/src/hal_io.o
                0x0000046c                io_write
 .text.io_read  0x000004a4       0x38 hal/src/hal_io.o
                0x000004a4                io_read
 .text.spi_m_sync_init
                0x000004dc       0x58 hal/src/hal_spi_m_sync.o
                0x000004dc                spi_m_sync_init
 .text.spi_m_sync_enable
                0x00000534       0x28 hal/src/hal_spi_m_sync.o
                0x00000534                spi_m_sync_enable
 .text.spi_m_sync_transfer
                0x0000055c       0x48 hal/src/hal_spi_m_sync.o
                0x0000055c                spi_m_sync_transfer
 .text._spi_m_sync_io_write
                0x000005a4       0x3c hal/src/hal_spi_m_sync.o
 .text._spi_m_sync_io_read
                0x000005e0       0x3c hal/src/hal_spi_m_sync.o
 .text.usart_sync_write
                0x0000061c       0x74 hal/src/hal_usart_sync.o
 .text.usart_sync_read
                0x00000690       0x6c hal/src/hal_usart_sync.o
 .text.usart_sync_init
                0x000006fc       0x4c hal/src/hal_usart_sync.o
                0x000006fc                usart_sync_init
 .text.usart_sync_enable
                0x00000748       0x2c hal/src/hal_usart_sync.o
                0x00000748                usart_sync_enable
 .text.assert   0x00000774        0x8 hal/utils/src/utils_assert.o
                0x00000774                assert
 .text._sbrk    0x0000077c       0x24 hal/utils/src/utils_syscalls.o
                0x0000077c                _sbrk
 .text._get_cycles_for_us
                0x000007a0       0x18 hpl/core/hpl_core_m0plus_base.o
                0x000007a0                _get_cycles_for_us
 .text._init_chip
                0x000007b8       0x30 hpl/core/hpl_init.o
                0x000007b8                _init_chip
 .text._gclk_init_generators_by_fref
                0x000007e8       0x20 hpl/gclk/hpl_gclk.o
                0x000007e8                _gclk_init_generators_by_fref
 .text._pm_init
                0x00000808       0x20 hpl/pm/hpl_pm.o
                0x00000808                _pm_init
 .text._sercom_get_hardware_index
                0x00000828       0x10 hpl/sercom/hpl_sercom.o
 .text._spi_sync_enable
                0x00000838       0x1e hpl/sercom/hpl_sercom.o
 *fill*         0x00000856        0x2 
 .text._get_sercom_index
                0x00000858       0x44 hpl/sercom/hpl_sercom.o
 .text._usart_init
                0x0000089c       0xf0 hpl/sercom/hpl_sercom.o
 .text._usart_sync_init
                0x0000098c       0x2c hpl/sercom/hpl_sercom.o
                0x0000098c                _usart_sync_init
 .text._usart_sync_enable
                0x000009b8       0x12 hpl/sercom/hpl_sercom.o
                0x000009b8                _usart_sync_enable
 .text._usart_sync_write_byte
                0x000009ca        0x8 hpl/sercom/hpl_sercom.o
                0x000009ca                _usart_sync_write_byte
 .text._usart_sync_read_byte
                0x000009d2        0x8 hpl/sercom/hpl_sercom.o
                0x000009d2                _usart_sync_read_byte
 .text._usart_sync_is_ready_to_send
                0x000009da        0xa hpl/sercom/hpl_sercom.o
                0x000009da                _usart_sync_is_ready_to_send
 .text._usart_sync_is_transmit_done
                0x000009e4        0xc hpl/sercom/hpl_sercom.o
                0x000009e4                _usart_sync_is_transmit_done
 .text._usart_sync_is_byte_received
                0x000009f0        0xc hpl/sercom/hpl_sercom.o
                0x000009f0                _usart_sync_is_byte_received
 .text._spi_m_sync_init
                0x000009fc      0x1fc hpl/sercom/hpl_sercom.o
                0x000009fc                _spi_m_sync_init
 .text._spi_m_sync_enable
                0x00000bf8       0x34 hpl/sercom/hpl_sercom.o
                0x00000bf8                _spi_m_sync_enable
 .text._spi_m_sync_trans
                0x00000c2c      0x114 hpl/sercom/hpl_sercom.o
                0x00000c2c                _spi_m_sync_trans
 .text._sysctrl_init_sources
                0x00000d40       0x4c hpl/sysctrl/hpl_sysctrl.o
                0x00000d40                _sysctrl_init_sources
 .text._sysctrl_init_referenced_generators
                0x00000d8c       0x10 hpl/sysctrl/hpl_sysctrl.o
                0x00000d8c                _sysctrl_init_referenced_generators
 .text._system_time_init
                0x00000d9c       0x14 hpl/systick/hpl_systick.o
                0x00000d9c                _system_time_init
 .text._delay_init
                0x00000db0        0xc hpl/systick/hpl_systick.o
                0x00000db0                _delay_init
 .text._delay_cycles
                0x00000dbc       0x40 hpl/systick/hpl_systick.o
                0x00000dbc                _delay_cycles
 .text.send_iso_command
                0x00000dfc       0x40 led_switcher_main.o
                0x00000dfc                send_iso_command
 .text.parse_binary_string
                0x00000e3c       0x2a led_switcher_main.o
                0x00000e3c                parse_binary_string
 *fill*         0x00000e66        0x2 
 .text.read_n_bytes
                0x00000e68       0x28 led_switcher_main.o
                0x00000e68                read_n_bytes
 .text.main     0x00000e90       0xec led_switcher_main.o
                0x00000e90                main
 .text          0x00000f7c      0x114 c:/program files (x86)/atmel/studio/7.0/toolchain/arm/arm-gnu-toolchain/bin/../lib/gcc/arm-none-eabi/6.3.1/thumb/v6-m\libgcc.a(_udivsi3.o)
                0x00000f7c                __aeabi_uidiv
                0x00000f7c                __udivsi3
                0x00001088                __aeabi_uidivmod
 .text          0x00001090        0x4 c:/program files (x86)/atmel/studio/7.0/toolchain/arm/arm-gnu-toolchain/bin/../lib/gcc/arm-none-eabi/6.3.1/thumb/v6-m\libgcc.a(_dvmd_tls.o)
                0x00001090                __aeabi_idiv0
                0x00001090                __aeabi_ldiv0
 .text.__libc_init_array
                0x00001094       0x48 c:/program files (x86)/atmel/studio/7.0/toolchain/arm/arm-gnu-toolchain/bin/../lib/gcc/arm-none-eabi/6.3.1/../../../../arm-none-eabi/lib/thumb/v6-m\libc_nano.a(lib_a-init.o)
                0x00001094                __libc_init_array
 .text.memset   0x000010dc       0x10 c:/program files (x86)/atmel/studio/7.0/toolchain/arm/arm-gnu-toolchain/bin/../lib/gcc/arm-none-eabi/6.3.1/../../../../arm-none-eabi/lib/thumb/v6-m\libc_nano.a(lib_a-memset.o)
                0x000010dc                memset
 .text.sprintf  0x000010ec       0x44 c:/program files (x86)/atmel/studio/7.0/toolchain/arm/arm-gnu-toolchain/bin/../lib/gcc/arm-none-eabi/6.3.1/../../../../arm-none-eabi/lib/thumb/v6-m\libc_nano.a(lib_a-sprintf.o)
                0x000010ec                siprintf
                0x000010ec                sprintf
 .text          0x00001130        0xe c:/program files (x86)/atmel/studio/7.0/toolchain/arm/arm-gnu-toolchain/bin/../lib/gcc/arm-none-eabi/6.3.1/../../../../arm-none-eabi/lib/thumb/v6-m\libc_nano.a(lib_a-strlen.o)
                0x00001130                strlen
 *fill*         0x0000113e        0x2 
 .text._malloc_r
                0x00001140       0xbc c:/program files (x86)/atmel/studio/7.0/toolchain/arm/arm-gnu-toolchain/bin/../lib/gcc/arm-none-eabi/6.3.1/../../../../arm-none-eabi/lib/thumb/v6-m\libc_nano.a(lib_a-nano-mallocr.o)
                0x00001140                _malloc_r
 .text.__ssputs_r
                0x000011fc       0xc4 c:/program files (x86)/atmel/studio/7.0/toolchain/arm/arm-gnu-toolchain/bin/../lib/gcc/arm-none-eabi/6.3.1/../../../../arm-none-eabi/lib/thumb/v6-m\libc_nano.a(lib_a-nano-svfprintf.o)
                0x000011fc                __ssputs_r
 .text._svfprintf_r
                0x000012c0      0x208 c:/program files (x86)/atmel/studio/7.0/toolchain/arm/arm-gnu-toolchain/bin/../lib/gcc/arm-none-eabi/6.3.1/../../../../arm-none-eabi/lib/thumb/v6-m\libc_nano.a(lib_a-nano-svfprintf.o)
                0x000012c0                _svfiprintf_r
                0x000012c0                _svfprintf_r
 .text._printf_common
                0x000014c8       0xda c:/program files (x86)/atmel/studio/7.0/toolchain/arm/arm-gnu-toolchain/bin/../lib/gcc/arm-none-eabi/6.3.1/../../../../arm-none-eabi/lib/thumb/v6-m\libc_nano.a(lib_a-nano-vfprintf_i.o)
                0x000014c8                _printf_common
 *fill*         0x000015a2        0x2 
 .text._printf_i
                0x000015a4      0x234 c:/program files (x86)/atmel/studio/7.0/toolchain/arm/arm-gnu-toolchain/bin/../lib/gcc/arm-none-eabi/6.3.1/../../../../arm-none-eabi/lib/thumb/v6-m\libc_nano.a(lib_a-nano-vfprintf_i.o)
                0x000015a4                _printf_i
 .text._sbrk_r  0x000017d8       0x24 c:/program files (x86)/atmel/studio/7.0/toolchain/arm/arm-gnu-toolchain/bin/../lib/gcc/arm-none-eabi/6.3.1/../../../../arm-none-eabi/lib/thumb/v6-m\libc_nano.a(lib_a-sbrkr.o)
                0x000017d8                _sbrk_r
 .text.memchr   0x000017fc       0x16 c:/program files (x86)/atmel/studio/7.0/toolchain/arm/arm-gnu-toolchain/bin/../lib/gcc/arm-none-eabi/6.3.1/../../../../arm-none-eabi/lib/thumb/v6-m\libc_nano.a(lib_a-memchr-stub.o)
                0x000017fc                memchr
 .text.memcpy   0x00001812       0x12 c:/program files (x86)/atmel/studio/7.0/toolchain/arm/arm-gnu-toolchain/bin/../lib/gcc/arm-none-eabi/6.3.1/../../../../arm-none-eabi/lib/thumb/v6-m\libc_nano.a(lib_a-memcpy-stub.o)
                0x00001812                memcpy
 .text.memmove  0x00001824       0x24 c:/program files (x86)/atmel/studio/7.0/toolchain/arm/arm-gnu-toolchain/bin/../lib/gcc/arm-none-eabi/6.3.1/../../../../arm-none-eabi/lib/thumb/v6-m\libc_nano.a(lib_a-memmove.o)
                0x00001824                memmove
 .text.__malloc_lock
                0x00001848        0x2 c:/program files (x86)/atmel/studio/7.0/toolchain/arm/arm-gnu-toolchain/bin/../lib/gcc/arm-none-eabi/6.3.1/../../../../arm-none-eabi/lib/thumb/v6-m\libc_nano.a(lib_a-mlock.o)
                0x00001848                __malloc_lock
 .text.__malloc_unlock
                0x0000184a        0x2 c:/program files (x86)/atmel/studio/7.0/toolchain/arm/arm-gnu-toolchain/bin/../lib/gcc/arm-none-eabi/6.3.1/../../../../arm-none-eabi/lib/thumb/v6-m\libc_nano.a(lib_a-mlock.o)
                0x0000184a                __malloc_unlock
 .text._free_r  0x0000184c       0x94 c:/program files (x86)/atmel/studio/7.0/toolchain/arm/arm-gnu-toolchain/bin/../lib/gcc/arm-none-eabi/6.3.1/../../../../arm-none-eabi/lib/thumb/v6-m\libc_nano.a(lib_a-nano-freer.o)
                0x0000184c                _free_r
 .text._realloc_r
                0x000018e0       0x4c c:/program files (x86)/atmel/studio/7.0/toolchain/arm/arm-gnu-toolchain/bin/../lib/gcc/arm-none-eabi/6.3.1/../../../../arm-none-eabi/lib/thumb/v6-m\libc_nano.a(lib_a-nano-reallocr.o)
                0x000018e0                _realloc_r
 .text._malloc_usable_size_r
                0x0000192c       0x10 c:/program files (x86)/atmel/studio/7.0/toolchain/arm/arm-gnu-toolchain/bin/../lib/gcc/arm-none-eabi/6.3.1/../../../../arm-none-eabi/lib/thumb/v6-m\libc_nano.a(lib_a-nano-msizer.o)
                0x0000192c                _malloc_usable_size_r
 *(.glue_7t)
 .glue_7t       0x0000193c        0x0 linker stubs
 *(.glue_7)
 .glue_7        0x0000193c        0x0 linker stubs
 *(.rodata .rodata* .gnu.linkonce.r.*)
 .rodata.str1.4
                0x0000193c       0x14 hal/src/hal_io.o
 .rodata.str1.4
                0x00001950       0x1c hal/src/hal_spi_m_sync.o
 .rodata.str1.4
                0x0000196c       0x1c hal/src/hal_usart_sync.o
 .rodata        0x00001988       0x4d hpl/sercom/hpl_sercom.o
 *fill*         0x000019d5        0x3 
 .rodata.str1.4
                0x000019d8       0x1b hpl/sercom/hpl_sercom.o
 *fill*         0x000019f3        0x1 
 .rodata.str1.4
                0x000019f4       0x2c led_switcher_main.o
                                 0x2b (size before relaxing)
 .rodata.__sf_fake_stderr
                0x00001a20       0x20 c:/program files (x86)/atmel/studio/7.0/toolchain/arm/arm-gnu-toolchain/bin/../lib/gcc/arm-none-eabi/6.3.1/../../../../arm-none-eabi/lib/thumb/v6-m\libc_nano.a(lib_a-findfp.o)
                0x00001a20                __sf_fake_stderr
 .rodata.__sf_fake_stdin
                0x00001a40       0x20 c:/program files (x86)/atmel/studio/7.0/toolchain/arm/arm-gnu-toolchain/bin/../lib/gcc/arm-none-eabi/6.3.1/../../../../arm-none-eabi/lib/thumb/v6-m\libc_nano.a(lib_a-findfp.o)
                0x00001a40                __sf_fake_stdin
 .rodata.__sf_fake_stdout
                0x00001a60       0x20 c:/program files (x86)/atmel/studio/7.0/toolchain/arm/arm-gnu-toolchain/bin/../lib/gcc/arm-none-eabi/6.3.1/../../../../arm-none-eabi/lib/thumb/v6-m\libc_nano.a(lib_a-findfp.o)
                0x00001a60                __sf_fake_stdout
 .rodata._svfprintf_r.str1.1
                0x00001a80       0x11 c:/program files (x86)/atmel/studio/7.0/toolchain/arm/arm-gnu-toolchain/bin/../lib/gcc/arm-none-eabi/6.3.1/../../../../arm-none-eabi/lib/thumb/v6-m\libc_nano.a(lib_a-nano-svfprintf.o)
 .rodata._printf_i.str1.1
                0x00001a91       0x22 c:/program files (x86)/atmel/studio/7.0/toolchain/arm/arm-gnu-toolchain/bin/../lib/gcc/arm-none-eabi/6.3.1/../../../../arm-none-eabi/lib/thumb/v6-m\libc_nano.a(lib_a-nano-vfprintf_i.o)
 *(.ARM.extab* .gnu.linkonce.armextab.*)
                0x00001ab4                . = ALIGN (0x4)
 *fill*         0x00001ab3        0x1 
 *(.init)
 .init          0x00001ab4        0x4 c:/program files (x86)/atmel/studio/7.0/toolchain/arm/arm-gnu-toolchain/bin/../lib/gcc/arm-none-eabi/6.3.1/thumb/v6-m/crti.o
                0x00001ab4                _init
 .init          0x00001ab8        0x8 c:/program files (x86)/atmel/studio/7.0/toolchain/arm/arm-gnu-toolchain/bin/../lib/gcc/arm-none-eabi/6.3.1/thumb/v6-m/crtn.o
                0x00001ac0                . = ALIGN (0x4)
                0x00001ac0                __preinit_array_start = .
 *(.preinit_array)
                0x00001ac0                __preinit_array_end = .
                0x00001ac0                . = ALIGN (0x4)
                0x00001ac0                __init_array_start = .
 *(SORT(.init_array.*))
 *(.init_array)
 .init_array    0x00001ac0        0x4 c:/program files (x86)/atmel/studio/7.0/toolchain/arm/arm-gnu-toolchain/bin/../lib/gcc/arm-none-eabi/6.3.1/thumb/v6-m/crtbegin.o
                0x00001ac4                __init_array_end = .
                0x00001ac4                . = ALIGN (0x4)
 *crtbegin.o(.ctors)
 *(EXCLUDE_FILE(*crtend.o) .ctors)
 *(SORT(.ctors.*))
 *crtend.o(.ctors)
                0x00001ac4                . = ALIGN (0x4)
 *(.fini)
 .fini          0x00001ac4        0x4 c:/program files (x86)/atmel/studio/7.0/toolchain/arm/arm-gnu-toolchain/bin/../lib/gcc/arm-none-eabi/6.3.1/thumb/v6-m/crti.o
                0x00001ac4                _fini
 .fini          0x00001ac8        0x8 c:/program files (x86)/atmel/studio/7.0/toolchain/arm/arm-gnu-toolchain/bin/../lib/gcc/arm-none-eabi/6.3.1/thumb/v6-m/crtn.o
                0x00001ad0                . = ALIGN (0x4)
                0x00001ad0                __fini_array_start = .
 *(.fini_array)
 .fini_array    0x00001ad0        0x4 c:/program files (x86)/atmel/studio/7.0/toolchain/arm/arm-gnu-toolchain/bin/../lib/gcc/arm-none-eabi/6.3.1/thumb/v6-m/crtbegin.o
 *(SORT(.fini_array.*))
                0x00001ad4                __fini_array_end = .
 *crtbegin.o(.dtors)
 *(EXCLUDE_FILE(*crtend.o) .dtors)
 *(SORT(.dtors.*))
 *crtend.o(.dtors)
                0x00001ad4                . = ALIGN (0x4)
                0x00001ad4                _efixed = .
                [!provide]                PROVIDE (__exidx_start, .)

.vfp11_veneer   0x00001ad4        0x0
 .vfp11_veneer  0x00001ad4        0x0 linker stubs

.v4_bx          0x00001ad4        0x0
 .v4_bx         0x00001ad4        0x0 linker stubs

.iplt           0x00001ad4        0x0
 .iplt          0x00001ad4        0x0 c:/program files (x86)/atmel/studio/7.0/toolchain/arm/arm-gnu-toolchain/bin/../lib/gcc/arm-none-eabi/6.3.1/thumb/v6-m/crtbegin.o

.eh_frame       0x00001ad4        0x0
 .eh_frame      0x00001ad4        0x0 c:/program files (x86)/atmel/studio/7.0/toolchain/arm/arm-gnu-toolchain/bin/../lib/gcc/arm-none-eabi/6.3.1/thumb/v6-m/crtbegin.o

.rel.dyn        0x00001ad4        0x0
 .rel.iplt      0x00001ad4        0x0 c:/program files (x86)/atmel/studio/7.0/toolchain/arm/arm-gnu-toolchain/bin/../lib/gcc/arm-none-eabi/6.3.1/thumb/v6-m/crtbegin.o

.jcr            0x00001ad4        0x0
 .jcr           0x00001ad4        0x0 c:/program files (x86)/atmel/studio/7.0/toolchain/arm/arm-gnu-toolchain/bin/../lib/gcc/arm-none-eabi/6.3.1/thumb/v6-m/crtbegin.o

.igot.plt       0x00001ad4        0x0
 .igot.plt      0x00001ad4        0x0 c:/program files (x86)/atmel/studio/7.0/toolchain/arm/arm-gnu-toolchain/bin/../lib/gcc/arm-none-eabi/6.3.1/thumb/v6-m/crtbegin.o

.ARM.exidx
 *(.ARM.exidx* .gnu.linkonce.armexidx.*)
                [!provide]                PROVIDE (__exidx_end, .)
                0x00001ad4                . = ALIGN (0x4)
                0x00001ad4                _etext = .

.relocate       0x20000000       0x64 load address 0x00001ad4
                0x20000000                . = ALIGN (0x4)
                0x20000000                _srelocate = .
 *(.ramfunc .ramfunc.*)
 *(.data .data.*)
 .data._impure_ptr
                0x20000000        0x4 c:/program files (x86)/atmel/studio/7.0/toolchain/arm/arm-gnu-toolchain/bin/../lib/gcc/arm-none-eabi/6.3.1/../../../../arm-none-eabi/lib/thumb/v6-m\libc_nano.a(lib_a-impure.o)
                0x20000000                _impure_ptr
 .data.impure_data
                0x20000004       0x60 c:/program files (x86)/atmel/studio/7.0/toolchain/arm/arm-gnu-toolchain/bin/../lib/gcc/arm-none-eabi/6.3.1/../../../../arm-none-eabi/lib/thumb/v6-m\libc_nano.a(lib_a-impure.o)
                0x20000064                . = ALIGN (0x4)
                0x20000064                _erelocate = .

.bss            0x20000064       0x54 load address 0x00001b38
                0x20000064                . = ALIGN (0x4)
                0x20000064                _sbss = .
                0x20000064                _szero = .
 *(.bss .bss.*)
 .bss           0x20000064       0x1c c:/program files (x86)/atmel/studio/7.0/toolchain/arm/arm-gnu-toolchain/bin/../lib/gcc/arm-none-eabi/6.3.1/thumb/v6-m/crtbegin.o
 .bss           0x20000080        0x4 hal/src/hal_delay.o
 .bss           0x20000084        0x4 hal/utils/src/utils_syscalls.o
 .bss.__malloc_free_list
                0x20000088        0x4 c:/program files (x86)/atmel/studio/7.0/toolchain/arm/arm-gnu-toolchain/bin/../lib/gcc/arm-none-eabi/6.3.1/../../../../arm-none-eabi/lib/thumb/v6-m\libc_nano.a(lib_a-nano-mallocr.o)
                0x20000088                __malloc_free_list
 .bss.__malloc_sbrk_start
                0x2000008c        0x4 c:/program files (x86)/atmel/studio/7.0/toolchain/arm/arm-gnu-toolchain/bin/../lib/gcc/arm-none-eabi/6.3.1/../../../../arm-none-eabi/lib/thumb/v6-m\libc_nano.a(lib_a-nano-mallocr.o)
                0x2000008c                __malloc_sbrk_start
 *(COMMON)
 COMMON         0x20000090       0x24 driver_init.o
                0x20000090                SPI_0
                0x200000a8                USART_0
 COMMON         0x200000b4        0x4 c:/program files (x86)/atmel/studio/7.0/toolchain/arm/arm-gnu-toolchain/bin/../lib/gcc/arm-none-eabi/6.3.1/../../../../arm-none-eabi/lib/thumb/v6-m\libc_nano.a(lib_a-reent.o)
                0x200000b4                errno
                0x200000b8                . = ALIGN (0x4)
                0x200000b8                _ebss = .
                0x200000b8                _ezero = .

.stack          0x200000b8     0x2000 load address 0x00001b8c
                0x200000b8                . = ALIGN (0x8)
                0x200000b8                _sstack = .
                0x200020b8                . = (. + STACK_SIZE)
 *fill*         0x200000b8     0x2000 
                0x200020b8                . = ALIGN (0x8)
                0x200020b8                _estack = .
                0x200020b8                . = ALIGN (0x4)
                0x200020b8                _end = .
OUTPUT(LEDswitcher.elf elf32-littlearm)

.ARM.attributes
                0x00000000       0x28
 .ARM.attributes
                0x00000000       0x1e c:/program files (x86)/atmel/studio/7.0/toolchain/arm/arm-gnu-toolchain/bin/../lib/gcc/arm-none-eabi/6.3.1/thumb/v6-m/crti.o
 .ARM.attributes
                0x0000001e       0x2c c:/program files (x86)/atmel/studio/7.0/toolchain/arm/arm-gnu-toolchain/bin/../lib/gcc/arm-none-eabi/6.3.1/thumb/v6-m/crtbegin.o
 .ARM.attributes
                0x0000004a       0x32 atmel_start.o
 .ARM.attributes
                0x0000007c       0x32 Device_Startup/startup_samd21.o
 .ARM.attributes
                0x000000ae       0x32 driver_init.o
 .ARM.attributes
                0x000000e0       0x32 hal/src/hal_delay.o
 .ARM.attributes
                0x00000112       0x32 hal/src/hal_io.o
 .ARM.attributes
                0x00000144       0x32 hal/src/hal_spi_m_sync.o
 .ARM.attributes
                0x00000176       0x32 hal/src/hal_usart_sync.o
 .ARM.attributes
                0x000001a8       0x32 hal/utils/src/utils_assert.o
 .ARM.attributes
                0x000001da       0x32 hal/utils/src/utils_syscalls.o
 .ARM.attributes
                0x0000020c       0x32 hpl/core/hpl_core_m0plus_base.o
 .ARM.attributes
                0x0000023e       0x32 hpl/core/hpl_init.o
 .ARM.attributes
                0x00000270       0x32 hpl/gclk/hpl_gclk.o
 .ARM.attributes
                0x000002a2       0x32 hpl/pm/hpl_pm.o
 .ARM.attributes
                0x000002d4       0x32 hpl/sercom/hpl_sercom.o
 .ARM.attributes
                0x00000306       0x32 hpl/sysctrl/hpl_sysctrl.o
 .ARM.attributes
                0x00000338       0x32 hpl/systick/hpl_systick.o
 .ARM.attributes
                0x0000036a       0x32 led_switcher_main.o
 .ARM.attributes
                0x0000039c       0x1e c:/program files (x86)/atmel/studio/7.0/toolchain/arm/arm-gnu-toolchain/bin/../lib/gcc/arm-none-eabi/6.3.1/thumb/v6-m\libgcc.a(_udivsi3.o)
 .ARM.attributes
                0x000003ba       0x1e c:/program files (x86)/atmel/studio/7.0/toolchain/arm/arm-gnu-toolchain/bin/../lib/gcc/arm-none-eabi/6.3.1/thumb/v6-m\libgcc.a(_dvmd_tls.o)
 .ARM.attributes
                0x000003d8       0x2c c:/program files (x86)/atmel/studio/7.0/toolchain/arm/arm-gnu-toolchain/bin/../lib/gcc/arm-none-eabi/6.3.1/../../../../arm-none-eabi/lib/thumb/v6-m\libc_nano.a(lib_a-impure.o)
 .ARM.attributes
                0x00000404       0x2c c:/program files (x86)/atmel/studio/7.0/toolchain/arm/arm-gnu-toolchain/bin/../lib/gcc/arm-none-eabi/6.3.1/../../../../arm-none-eabi/lib/thumb/v6-m\libc_nano.a(lib_a-init.o)
 .ARM.attributes
                0x00000430       0x2c c:/program files (x86)/atmel/studio/7.0/toolchain/arm/arm-gnu-toolchain/bin/../lib/gcc/arm-none-eabi/6.3.1/../../../../arm-none-eabi/lib/thumb/v6-m\libc_nano.a(lib_a-memset.o)
 .ARM.attributes
                0x0000045c       0x2c c:/program files (x86)/atmel/studio/7.0/toolchain/arm/arm-gnu-toolchain/bin/../lib/gcc/arm-none-eabi/6.3.1/../../../../arm-none-eabi/lib/thumb/v6-m\libc_nano.a(lib_a-sprintf.o)
 .ARM.attributes
                0x00000488       0x1c c:/program files (x86)/atmel/studio/7.0/toolchain/arm/arm-gnu-toolchain/bin/../lib/gcc/arm-none-eabi/6.3.1/../../../../arm-none-eabi/lib/thumb/v6-m\libc_nano.a(lib_a-strlen.o)
 .ARM.attributes
                0x000004a4       0x2c c:/program files (x86)/atmel/studio/7.0/toolchain/arm/arm-gnu-toolchain/bin/../lib/gcc/arm-none-eabi/6.3.1/../../../../arm-none-eabi/lib/thumb/v6-m\libc_nano.a(lib_a-findfp.o)
 .ARM.attributes
                0x000004d0       0x2c c:/program files (x86)/atmel/studio/7.0/toolchain/arm/arm-gnu-toolchain/bin/../lib/gcc/arm-none-eabi/6.3.1/../../../../arm-none-eabi/lib/thumb/v6-m\libc_nano.a(lib_a-nano-mallocr.o)
 .ARM.attributes
                0x000004fc       0x2c c:/program files (x86)/atmel/studio/7.0/toolchain/arm/arm-gnu-toolchain/bin/../lib/gcc/arm-none-eabi/6.3.1/../../../../arm-none-eabi/lib/thumb/v6-m\libc_nano.a(lib_a-nano-svfprintf.o)
 .ARM.attributes
                0x00000528       0x2c c:/program files (x86)/atmel/studio/7.0/toolchain/arm/arm-gnu-toolchain/bin/../lib/gcc/arm-none-eabi/6.3.1/../../../../arm-none-eabi/lib/thumb/v6-m\libc_nano.a(lib_a-nano-vfprintf_i.o)
 .ARM.attributes
                0x00000554       0x2c c:/program files (x86)/atmel/studio/7.0/toolchain/arm/arm-gnu-toolchain/bin/../lib/gcc/arm-none-eabi/6.3.1/../../../../arm-none-eabi/lib/thumb/v6-m\libc_nano.a(lib_a-sbrkr.o)
 .ARM.attributes
                0x00000580       0x2c c:/program files (x86)/atmel/studio/7.0/toolchain/arm/arm-gnu-toolchain/bin/../lib/gcc/arm-none-eabi/6.3.1/../../../../arm-none-eabi/lib/thumb/v6-m\libc_nano.a(lib_a-memchr-stub.o)
 .ARM.attributes
                0x000005ac       0x2c c:/program files (x86)/atmel/studio/7.0/toolchain/arm/arm-gnu-toolchain/bin/../lib/gcc/arm-none-eabi/6.3.1/../../../../arm-none-eabi/lib/thumb/v6-m\libc_nano.a(lib_a-memcpy-stub.o)
 .ARM.attributes
                0x000005d8       0x2c c:/program files (x86)/atmel/studio/7.0/toolchain/arm/arm-gnu-toolchain/bin/../lib/gcc/arm-none-eabi/6.3.1/../../../../arm-none-eabi/lib/thumb/v6-m\libc_nano.a(lib_a-memmove.o)
 .ARM.attributes
                0x00000604       0x2c c:/program files (x86)/atmel/studio/7.0/toolchain/arm/arm-gnu-toolchain/bin/../lib/gcc/arm-none-eabi/6.3.1/../../../../arm-none-eabi/lib/thumb/v6-m\libc_nano.a(lib_a-mlock.o)
 .ARM.attributes
                0x00000630       0x2c c:/program files (x86)/atmel/studio/7.0/toolchain/arm/arm-gnu-toolchain/bin/../lib/gcc/arm-none-eabi/6.3.1/../../../../arm-none-eabi/lib/thumb/v6-m\libc_nano.a(lib_a-nano-freer.o)
 .ARM.attributes
                0x0000065c       0x2c c:/program files (x86)/atmel/studio/7.0/toolchain/arm/arm-gnu-toolchain/bin/../lib/gcc/arm-none-eabi/6.3.1/../../../../arm-none-eabi/lib/thumb/v6-m\libc_nano.a(lib_a-nano-reallocr.o)
 .ARM.attributes
                0x00000688       0x2c c:/program files (x86)/atmel/studio/7.0/toolchain/arm/arm-gnu-toolchain/bin/../lib/gcc/arm-none-eabi/6.3.1/../../../../arm-none-eabi/lib/thumb/v6-m\libc_nano.a(lib_a-reent.o)
 .ARM.attributes
                0x000006b4       0x2c c:/program files (x86)/atmel/studio/7.0/toolchain/arm/arm-gnu-toolchain/bin/../lib/gcc/arm-none-eabi/6.3.1/../../../../arm-none-eabi/lib/thumb/v6-m\libc_nano.a(lib_a-nano-msizer.o)
 .ARM.attributes
                0x000006e0       0x1e c:/program files (x86)/atmel/studio/7.0/toolchain/arm/arm-gnu-toolchain/bin/../lib/gcc/arm-none-eabi/6.3.1/thumb/v6-m/crtn.o

.comment        0x00000000       0x59
 .comment       0x00000000       0x59 atmel_start.o
                                 0x5a (size before relaxing)
 .comment       0x00000059       0x5a Device_Startup/startup_samd21.o
 .comment       0x00000059       0x5a driver_init.o
 .comment       0x00000059       0x5a hal/src/hal_delay.o
 .comment       0x00000059       0x5a hal/src/hal_io.o
 .comment       0x00000059       0x5a hal/src/hal_spi_m_sync.o
 .comment       0x00000059       0x5a hal/src/hal_usart_sync.o
 .comment       0x00000059       0x5a hal/utils/src/utils_assert.o
 .comment       0x00000059       0x5a hal/utils/src/utils_syscalls.o
 .comment       0x00000059       0x5a hpl/core/hpl_core_m0plus_base.o
 .comment       0x00000059       0x5a hpl/core/hpl_init.o
 .comment       0x00000059       0x5a hpl/gclk/hpl_gclk.o
 .comment       0x00000059       0x5a hpl/pm/hpl_pm.o
 .comment       0x00000059       0x5a hpl/sercom/hpl_sercom.o
 .comment       0x00000059       0x5a hpl/sysctrl/hpl_sysctrl.o
 .comment       0x00000059       0x5a hpl/systick/hpl_systick.o
 .comment       0x00000059       0x5a led_switcher_main.o

.debug_info     0x00000000    0x1f2c7
 .debug_info    0x00000000      0x2a0 atmel_start.o
 .debug_info    0x000002a0     0x3a2c Device_Startup/startup_samd21.o
 .debug_info    0x00003ccc     0x874c driver_init.o
 .debug_info    0x0000c418      0x1dc hal/src/hal_delay.o
 .debug_info    0x0000c5f4      0x2b2 hal/src/hal_io.o
 .debug_info    0x0000c8a6      0x9c9 hal/src/hal_spi_m_sync.o
 .debug_info    0x0000d26f      0xc56 hal/src/hal_usart_sync.o
 .debug_info    0x0000dec5      0x107 hal/utils/src/utils_assert.o
 .debug_info    0x0000dfcc      0xdca hal/utils/src/utils_syscalls.o
 .debug_info    0x0000ed96      0x80d hpl/core/hpl_core_m0plus_base.o
 .debug_info    0x0000f5a3      0x677 hpl/core/hpl_init.o
 .debug_info    0x0000fc1a      0x4e1 hpl/gclk/hpl_gclk.o
 .debug_info    0x000100fb      0xc6d hpl/pm/hpl_pm.o
 .debug_info    0x00010d68     0xb27e hpl/sercom/hpl_sercom.o
 .debug_info    0x0001bfe6     0x1454 hpl/sysctrl/hpl_sysctrl.o
 .debug_info    0x0001d43a      0x25e hpl/systick/hpl_systick.o
 .debug_info    0x0001d698     0x1c2f led_switcher_main.o

.debug_abbrev   0x00000000     0x2425
 .debug_abbrev  0x00000000       0xe3 atmel_start.o
 .debug_abbrev  0x000000e3      0x227 Device_Startup/startup_samd21.o
 .debug_abbrev  0x0000030a      0x384 driver_init.o
 .debug_abbrev  0x0000068e       0xe1 hal/src/hal_delay.o
 .debug_abbrev  0x0000076f      0x115 hal/src/hal_io.o
 .debug_abbrev  0x00000884      0x1b1 hal/src/hal_spi_m_sync.o
 .debug_abbrev  0x00000a35      0x217 hal/src/hal_usart_sync.o
 .debug_abbrev  0x00000c4c       0x86 hal/utils/src/utils_assert.o
 .debug_abbrev  0x00000cd2      0x269 hal/utils/src/utils_syscalls.o
 .debug_abbrev  0x00000f3b      0x2a8 hpl/core/hpl_core_m0plus_base.o
 .debug_abbrev  0x000011e3      0x1cc hpl/core/hpl_init.o
 .debug_abbrev  0x000013af      0x1c3 hpl/gclk/hpl_gclk.o
 .debug_abbrev  0x00001572      0x211 hpl/pm/hpl_pm.o
 .debug_abbrev  0x00001783      0x593 hpl/sercom/hpl_sercom.o
 .debug_abbrev  0x00001d16      0x1fb hpl/sysctrl/hpl_sysctrl.o
 .debug_abbrev  0x00001f11      0x172 hpl/systick/hpl_systick.o
 .debug_abbrev  0x00002083      0x3a2 led_switcher_main.o

.debug_loc      0x00000000     0xad4d
 .debug_loc     0x00000000       0x20 atmel_start.o
 .debug_loc     0x00000020       0x78 Device_Startup/startup_samd21.o
 .debug_loc     0x00000098      0xe29 driver_init.o
 .debug_loc     0x00000ec1       0xc3 hal/src/hal_delay.o
 .debug_loc     0x00000f84      0x1b6 hal/src/hal_io.o
 .debug_loc     0x0000113a      0x728 hal/src/hal_spi_m_sync.o
 .debug_loc     0x00001862      0xa26 hal/src/hal_usart_sync.o
 .debug_loc     0x00002288      0x13b hal/utils/src/utils_syscalls.o
 .debug_loc     0x000023c3      0x28f hpl/core/hpl_core_m0plus_base.o
 .debug_loc     0x00002652       0x4c hpl/core/hpl_init.o
 .debug_loc     0x0000269e       0xa3 hpl/gclk/hpl_gclk.o
 .debug_loc     0x00002741      0x11b hpl/pm/hpl_pm.o
 .debug_loc     0x0000285c     0x7d95 hpl/sercom/hpl_sercom.o
 .debug_loc     0x0000a5f1      0x153 hpl/sysctrl/hpl_sysctrl.o
 .debug_loc     0x0000a744       0xf9 hpl/systick/hpl_systick.o
 .debug_loc     0x0000a83d      0x510 led_switcher_main.o

.debug_aranges  0x00000000      0x950
 .debug_aranges
                0x00000000       0x20 atmel_start.o
 .debug_aranges
                0x00000020       0x28 Device_Startup/startup_samd21.o
 .debug_aranges
                0x00000048       0x58 driver_init.o
 .debug_aranges
                0x000000a0       0x38 hal/src/hal_delay.o
 .debug_aranges
                0x000000d8       0x30 hal/src/hal_io.o
 .debug_aranges
                0x00000108       0x88 hal/src/hal_spi_m_sync.o
 .debug_aranges
                0x00000190       0xa8 hal/src/hal_usart_sync.o
 .debug_aranges
                0x00000238       0x20 hal/utils/src/utils_assert.o
 .debug_aranges
                0x00000258       0x60 hal/utils/src/utils_syscalls.o
 .debug_aranges
                0x000002b8       0x70 hpl/core/hpl_core_m0plus_base.o
 .debug_aranges
                0x00000328       0x20 hpl/core/hpl_init.o
 .debug_aranges
                0x00000348       0x28 hpl/gclk/hpl_gclk.o
 .debug_aranges
                0x00000370       0x30 hpl/pm/hpl_pm.o
 .debug_aranges
                0x000003a0      0x508 hpl/sercom/hpl_sercom.o
 .debug_aranges
                0x000008a8       0x28 hpl/sysctrl/hpl_sysctrl.o
 .debug_aranges
                0x000008d0       0x48 hpl/systick/hpl_systick.o
 .debug_aranges
                0x00000918       0x38 led_switcher_main.o

.debug_ranges   0x00000000      0xa28
 .debug_ranges  0x00000000       0x10 atmel_start.o
 .debug_ranges  0x00000010       0x18 Device_Startup/startup_samd21.o
 .debug_ranges  0x00000028       0x48 driver_init.o
 .debug_ranges  0x00000070       0x28 hal/src/hal_delay.o
 .debug_ranges  0x00000098       0x20 hal/src/hal_io.o
 .debug_ranges  0x000000b8       0x78 hal/src/hal_spi_m_sync.o
 .debug_ranges  0x00000130       0x98 hal/src/hal_usart_sync.o
 .debug_ranges  0x000001c8       0x10 hal/utils/src/utils_assert.o
 .debug_ranges  0x000001d8       0x50 hal/utils/src/utils_syscalls.o
 .debug_ranges  0x00000228       0x60 hpl/core/hpl_core_m0plus_base.o
 .debug_ranges  0x00000288       0x10 hpl/core/hpl_init.o
 .debug_ranges  0x00000298       0x18 hpl/gclk/hpl_gclk.o
 .debug_ranges  0x000002b0       0x20 hpl/pm/hpl_pm.o
 .debug_ranges  0x000002d0      0x6c8 hpl/sercom/hpl_sercom.o
 .debug_ranges  0x00000998       0x18 hpl/sysctrl/hpl_sysctrl.o
 .debug_ranges  0x000009b0       0x38 hpl/systick/hpl_systick.o
 .debug_ranges  0x000009e8       0x40 led_switcher_main.o

.debug_macro    0x00000000    0x18adb
 .debug_macro   0x00000000      0x53c atmel_start.o
 .debug_macro   0x0000053c      0x89e atmel_start.o
 .debug_macro   0x00000dda      0x16d atmel_start.o
 .debug_macro   0x00000f47       0x22 atmel_start.o
 .debug_macro   0x00000f69       0x87 atmel_start.o
 .debug_macro   0x00000ff0       0x51 atmel_start.o
 .debug_macro   0x00001041       0xef atmel_start.o
 .debug_macro   0x00001130       0x6a atmel_start.o
 .debug_macro   0x0000119a      0x1df atmel_start.o
 .debug_macro   0x00001379       0x22 atmel_start.o
 .debug_macro   0x0000139b       0x3f atmel_start.o
 .debug_macro   0x000013da       0x1c atmel_start.o
 .debug_macro   0x000013f6       0x22 atmel_start.o
 .debug_macro   0x00001418       0xb5 atmel_start.o
 .debug_macro   0x000014cd      0x3ad atmel_start.o
 .debug_macro   0x0000187a      0x67e atmel_start.o
 .debug_macro   0x00001ef8      0x8b1 atmel_start.o
 .debug_macro   0x000027a9      0x22e atmel_start.o
 .debug_macro   0x000029d7      0xd5c atmel_start.o
 .debug_macro   0x00003733      0x4dc atmel_start.o
 .debug_macro   0x00003c0f      0x9f6 atmel_start.o
 .debug_macro   0x00004605      0x82b atmel_start.o
 .debug_macro   0x00004e30      0x45f atmel_start.o
 .debug_macro   0x0000528f       0x5e atmel_start.o
 .debug_macro   0x000052ed      0x8f9 atmel_start.o
 .debug_macro   0x00005be6      0x21c atmel_start.o
 .debug_macro   0x00005e02      0x735 atmel_start.o
 .debug_macro   0x00006537       0x5e atmel_start.o
 .debug_macro   0x00006595      0x632 atmel_start.o
 .debug_macro   0x00006bc7      0x3ac atmel_start.o
 .debug_macro   0x00006f73      0xc76 atmel_start.o
 .debug_macro   0x00007be9     0x1092 atmel_start.o
 .debug_macro   0x00008c7b      0xc4a atmel_start.o
 .debug_macro   0x000098c5      0x6ba atmel_start.o
 .debug_macro   0x00009f7f     0x1b3d atmel_start.o
 .debug_macro   0x0000babc     0x143c atmel_start.o
 .debug_macro   0x0000cef8      0x340 atmel_start.o
 .debug_macro   0x0000d238       0x7c atmel_start.o
 .debug_macro   0x0000d2b4       0xa0 atmel_start.o
 .debug_macro   0x0000d354       0x4c atmel_start.o
 .debug_macro   0x0000d3a0       0xca atmel_start.o
 .debug_macro   0x0000d46a       0x94 atmel_start.o
 .debug_macro   0x0000d4fe       0x58 atmel_start.o
 .debug_macro   0x0000d556      0x341 atmel_start.o
 .debug_macro   0x0000d897       0x82 atmel_start.o
 .debug_macro   0x0000d919      0x189 atmel_start.o
 .debug_macro   0x0000daa2       0xb8 atmel_start.o
 .debug_macro   0x0000db5a       0xa0 atmel_start.o
 .debug_macro   0x0000dbfa       0xb2 atmel_start.o
 .debug_macro   0x0000dcac       0x1c atmel_start.o
 .debug_macro   0x0000dcc8       0x1c atmel_start.o
 .debug_macro   0x0000dce4       0x1c atmel_start.o
 .debug_macro   0x0000dd00       0x7c atmel_start.o
 .debug_macro   0x0000dd7c      0x15a atmel_start.o
 .debug_macro   0x0000ded6       0x10 atmel_start.o
 .debug_macro   0x0000dee6       0xdc atmel_start.o
 .debug_macro   0x0000dfc2      0x124 atmel_start.o
 .debug_macro   0x0000e0e6      0x124 atmel_start.o
 .debug_macro   0x0000e20a      0x124 atmel_start.o
 .debug_macro   0x0000e32e      0x124 atmel_start.o
 .debug_macro   0x0000e452      0x124 atmel_start.o
 .debug_macro   0x0000e576      0x124 atmel_start.o
 .debug_macro   0x0000e69a      0x124 atmel_start.o
 .debug_macro   0x0000e7be       0xe2 atmel_start.o
 .debug_macro   0x0000e8a0       0xe2 atmel_start.o
 .debug_macro   0x0000e982       0xe2 atmel_start.o
 .debug_macro   0x0000ea64       0xe2 atmel_start.o
 .debug_macro   0x0000eb46       0xe2 atmel_start.o
 .debug_macro   0x0000ec28      0x12a atmel_start.o
 .debug_macro   0x0000ed52      0x100 atmel_start.o
 .debug_macro   0x0000ee52       0xf4 atmel_start.o
 .debug_macro   0x0000ef46      0x40f atmel_start.o
 .debug_macro   0x0000f355       0x40 atmel_start.o
 .debug_macro   0x0000f395      0x392 atmel_start.o
 .debug_macro   0x0000f727     0x1fb0 atmel_start.o
 .debug_macro   0x000116d7       0x6d atmel_start.o
 .debug_macro   0x00011744       0x10 atmel_start.o
 .debug_macro   0x00011754       0x10 atmel_start.o
 .debug_macro   0x00011764       0x16 atmel_start.o
 .debug_macro   0x0001177a       0x16 atmel_start.o
 .debug_macro   0x00011790       0x16 atmel_start.o
 .debug_macro   0x000117a6       0x16 atmel_start.o
 .debug_macro   0x000117bc       0x16 atmel_start.o
 .debug_macro   0x000117d2       0x16 atmel_start.o
 .debug_macro   0x000117e8       0x16 atmel_start.o
 .debug_macro   0x000117fe       0x16 atmel_start.o
 .debug_macro   0x00011814       0x16 atmel_start.o
 .debug_macro   0x0001182a       0x16 atmel_start.o
 .debug_macro   0x00011840       0x16 atmel_start.o
 .debug_macro   0x00011856       0x16 atmel_start.o
 .debug_macro   0x0001186c       0x16 atmel_start.o
 .debug_macro   0x00011882       0x16 atmel_start.o
 .debug_macro   0x00011898      0x4c3 atmel_start.o
 .debug_macro   0x00011d5b       0x94 atmel_start.o
 .debug_macro   0x00011def       0x16 atmel_start.o
 .debug_macro   0x00011e05       0x6a atmel_start.o
 .debug_macro   0x00011e6f      0x28c atmel_start.o
 .debug_macro   0x000120fb      0x4d8 atmel_start.o
 .debug_macro   0x000125d3       0x16 atmel_start.o
 .debug_macro   0x000125e9       0xca atmel_start.o
 .debug_macro   0x000126b3       0x1c atmel_start.o
 .debug_macro   0x000126cf       0x16 atmel_start.o
 .debug_macro   0x000126e5       0x70 atmel_start.o
 .debug_macro   0x00012755       0xc9 atmel_start.o
 .debug_macro   0x0001281e      0x310 Device_Startup/startup_samd21.o
 .debug_macro   0x00012b2e       0x39 Device_Startup/startup_samd21.o
 .debug_macro   0x00012b67      0x551 driver_init.o
 .debug_macro   0x000130b8       0x42 driver_init.o
 .debug_macro   0x000130fa      0x470 hal/src/hal_delay.o
 .debug_macro   0x0001356a      0x451 hal/src/hal_io.o
 .debug_macro   0x000139bb      0x494 hal/src/hal_spi_m_sync.o
 .debug_macro   0x00013e4f      0x478 hal/src/hal_usart_sync.o
 .debug_macro   0x000142c7      0x447 hal/utils/src/utils_assert.o
 .debug_macro   0x0001470e       0x10 hal/utils/src/utils_assert.o
 .debug_macro   0x0001471e      0x1d6 hal/utils/src/utils_syscalls.o
 .debug_macro   0x000148f4       0x52 hal/utils/src/utils_syscalls.o
 .debug_macro   0x00014946       0x8d hal/utils/src/utils_syscalls.o
 .debug_macro   0x000149d3       0x16 hal/utils/src/utils_syscalls.o
 .debug_macro   0x000149e9       0x57 hal/utils/src/utils_syscalls.o
 .debug_macro   0x00014a40       0x97 hal/utils/src/utils_syscalls.o
 .debug_macro   0x00014ad7      0x353 hal/utils/src/utils_syscalls.o
 .debug_macro   0x00014e2a       0xf6 hal/utils/src/utils_syscalls.o
 .debug_macro   0x00014f20       0x10 hal/utils/src/utils_syscalls.o
 .debug_macro   0x00014f30       0x10 hal/utils/src/utils_syscalls.o
 .debug_macro   0x00014f40       0x1c hal/utils/src/utils_syscalls.o
 .debug_macro   0x00014f5c       0x52 hal/utils/src/utils_syscalls.o
 .debug_macro   0x00014fae       0x40 hal/utils/src/utils_syscalls.o
 .debug_macro   0x00014fee       0x10 hal/utils/src/utils_syscalls.o
 .debug_macro   0x00014ffe       0x40 hal/utils/src/utils_syscalls.o
 .debug_macro   0x0001503e       0xd7 hal/utils/src/utils_syscalls.o
 .debug_macro   0x00015115       0x16 hal/utils/src/utils_syscalls.o
 .debug_macro   0x0001512b      0x18b hal/utils/src/utils_syscalls.o
 .debug_macro   0x000152b6       0x4c hal/utils/src/utils_syscalls.o
 .debug_macro   0x00015302       0x16 hal/utils/src/utils_syscalls.o
 .debug_macro   0x00015318       0x10 hal/utils/src/utils_syscalls.o
 .debug_macro   0x00015328       0x10 hal/utils/src/utils_syscalls.o
 .debug_macro   0x00015338       0x35 hal/utils/src/utils_syscalls.o
 .debug_macro   0x0001536d      0x122 hal/utils/src/utils_syscalls.o
 .debug_macro   0x0001548f      0x495 hpl/core/hpl_core_m0plus_base.o
 .debug_macro   0x00015924      0x4b8 hpl/core/hpl_init.o
 .debug_macro   0x00015ddc       0x2e hpl/core/hpl_init.o
 .debug_macro   0x00015e0a      0x6ec hpl/core/hpl_init.o
 .debug_macro   0x000164f6      0x45a hpl/gclk/hpl_gclk.o
 .debug_macro   0x00016950      0x1f3 hpl/gclk/hpl_gclk.o
 .debug_macro   0x00016b43      0x47d hpl/pm/hpl_pm.o
 .debug_macro   0x00016fc0      0x67f hpl/sercom/hpl_sercom.o
 .debug_macro   0x0001763f       0x70 hpl/sercom/hpl_sercom.o
 .debug_macro   0x000176af      0x158 hpl/sercom/hpl_sercom.o
 .debug_macro   0x00017807       0x10 hpl/sercom/hpl_sercom.o
 .debug_macro   0x00017817       0x1c hpl/sercom/hpl_sercom.o
 .debug_macro   0x00017833       0x22 hpl/sercom/hpl_sercom.o
 .debug_macro   0x00017855       0x10 hpl/sercom/hpl_sercom.o
 .debug_macro   0x00017865      0x454 hpl/sysctrl/hpl_sysctrl.o
 .debug_macro   0x00017cb9      0x2da hpl/sysctrl/hpl_sysctrl.o
 .debug_macro   0x00017f93      0x44b hpl/systick/hpl_systick.o
 .debug_macro   0x000183de       0x10 hpl/systick/hpl_systick.o
 .debug_macro   0x000183ee      0x6d1 led_switcher_main.o
 .debug_macro   0x00018abf       0x1c led_switcher_main.o

.debug_line     0x00000000     0xc748
 .debug_line    0x00000000      0xab6 atmel_start.o
 .debug_line    0x00000ab6      0x70c Device_Startup/startup_samd21.o
 .debug_line    0x000011c2      0xc66 driver_init.o
 .debug_line    0x00001e28      0x9b1 hal/src/hal_delay.o
 .debug_line    0x000027d9      0x99e hal/src/hal_io.o
 .debug_line    0x00003177      0xb04 hal/src/hal_spi_m_sync.o
 .debug_line    0x00003c7b      0xb69 hal/src/hal_usart_sync.o
 .debug_line    0x000047e4      0x950 hal/utils/src/utils_assert.o
 .debug_line    0x00005134      0x40b hal/utils/src/utils_syscalls.o
 .debug_line    0x0000553f      0xaff hpl/core/hpl_core_m0plus_base.o
 .debug_line    0x0000603e      0xa30 hpl/core/hpl_init.o
 .debug_line    0x00006a6e      0x9aa hpl/gclk/hpl_gclk.o
 .debug_line    0x00007418      0x9f6 hpl/pm/hpl_pm.o
 .debug_line    0x00007e0e     0x28d7 hpl/sercom/hpl_sercom.o
 .debug_line    0x0000a6e5      0x9d9 hpl/sysctrl/hpl_sysctrl.o
 .debug_line    0x0000b0be      0x9db hpl/systick/hpl_systick.o
 .debug_line    0x0000ba99      0xcaf led_switcher_main.o

.debug_str      0x00000000    0x88968
 .debug_str     0x00000000    0x797b5 atmel_start.o
                              0x79c3b (size before relaxing)
 .debug_str     0x000797b5     0x10b4 Device_Startup/startup_samd21.o
                              0x71795 (size before relaxing)
 .debug_str     0x0007a869     0x129c driver_init.o
                              0x7bd04 (size before relaxing)
 .debug_str     0x0007bb05       0x9b hal/src/hal_delay.o
                              0x792bb (size before relaxing)
 .debug_str     0x0007bba0       0x3a hal/src/hal_io.o
                              0x792fe (size before relaxing)
 .debug_str     0x0007bbda      0x2ef hal/src/hal_spi_m_sync.o
                              0x79beb (size before relaxing)
 .debug_str     0x0007bec9      0x4aa hal/src/hal_usart_sync.o
                              0x79d9e (size before relaxing)
 .debug_str     0x0007c373       0x2a hal/utils/src/utils_assert.o
                              0x79261 (size before relaxing)
 .debug_str     0x0007c39d     0x4511 hal/utils/src/utils_syscalls.o
                               0x7300 (size before relaxing)
 .debug_str     0x000808ae      0x32b hpl/core/hpl_core_m0plus_base.o
                              0x79cf6 (size before relaxing)
 .debug_str     0x00080bd9     0x17d7 hpl/core/hpl_init.o
                              0x7ae54 (size before relaxing)
 .debug_str     0x000823b0      0x85d hpl/gclk/hpl_gclk.o
                              0x79b8c (size before relaxing)
 .debug_str     0x00082c0d      0x194 hpl/pm/hpl_pm.o
                              0x799b3 (size before relaxing)
 .debug_str     0x00082da1     0x47fa hpl/sercom/hpl_sercom.o
                              0x7f17e (size before relaxing)
 .debug_str     0x0008759b     0x11cf hpl/sysctrl/hpl_sysctrl.o
                              0x7a530 (size before relaxing)
 .debug_str     0x0008876a       0xcd hpl/systick/hpl_systick.o
                              0x792a9 (size before relaxing)
 .debug_str     0x00088837      0x131 led_switcher_main.o
                              0x7df59 (size before relaxing)

.debug_frame    0x00000000     0x1bf8
 .debug_frame   0x00000000       0x28 atmel_start.o
 .debug_frame   0x00000028       0x40 Device_Startup/startup_samd21.o
 .debug_frame   0x00000068       0xd4 driver_init.o
 .debug_frame   0x0000013c       0x68 hal/src/hal_delay.o
 .debug_frame   0x000001a4       0x58 hal/src/hal_io.o
 .debug_frame   0x000001fc      0x188 hal/src/hal_spi_m_sync.o
 .debug_frame   0x00000384      0x1f8 hal/src/hal_usart_sync.o
 .debug_frame   0x0000057c       0x20 hal/utils/src/utils_assert.o
 .debug_frame   0x0000059c       0xa8 hal/utils/src/utils_syscalls.o
 .debug_frame   0x00000644       0xd4 hpl/core/hpl_core_m0plus_base.o
 .debug_frame   0x00000718       0x28 hpl/core/hpl_init.o
 .debug_frame   0x00000740       0x30 hpl/gclk/hpl_gclk.o
 .debug_frame   0x00000770       0x40 hpl/pm/hpl_pm.o
 .debug_frame   0x000007b0      0xe9c hpl/sercom/hpl_sercom.o
 .debug_frame   0x0000164c       0x30 hpl/sysctrl/hpl_sysctrl.o
 .debug_frame   0x0000167c       0x78 hpl/systick/hpl_systick.o
 .debug_frame   0x000016f4       0x84 led_switcher_main.o
 .debug_frame   0x00001778       0x20 c:/program files (x86)/atmel/studio/7.0/toolchain/arm/arm-gnu-toolchain/bin/../lib/gcc/arm-none-eabi/6.3.1/thumb/v6-m\libgcc.a(_udivsi3.o)
 .debug_frame   0x00001798       0x2c c:/program files (x86)/atmel/studio/7.0/toolchain/arm/arm-gnu-toolchain/bin/../lib/gcc/arm-none-eabi/6.3.1/../../../../arm-none-eabi/lib/thumb/v6-m\libc_nano.a(lib_a-init.o)
 .debug_frame   0x000017c4       0x20 c:/program files (x86)/atmel/studio/7.0/toolchain/arm/arm-gnu-toolchain/bin/../lib/gcc/arm-none-eabi/6.3.1/../../../../arm-none-eabi/lib/thumb/v6-m\libc_nano.a(lib_a-memset.o)
 .debug_frame   0x000017e4       0x50 c:/program files (x86)/atmel/studio/7.0/toolchain/arm/arm-gnu-toolchain/bin/../lib/gcc/arm-none-eabi/6.3.1/../../../../arm-none-eabi/lib/thumb/v6-m\libc_nano.a(lib_a-sprintf.o)
 .debug_frame   0x00001834      0x140 c:/program files (x86)/atmel/studio/7.0/toolchain/arm/arm-gnu-toolchain/bin/../lib/gcc/arm-none-eabi/6.3.1/../../../../arm-none-eabi/lib/thumb/v6-m\libc_nano.a(lib_a-findfp.o)
 .debug_frame   0x00001974       0x2c c:/program files (x86)/atmel/studio/7.0/toolchain/arm/arm-gnu-toolchain/bin/../lib/gcc/arm-none-eabi/6.3.1/../../../../arm-none-eabi/lib/thumb/v6-m\libc_nano.a(lib_a-nano-mallocr.o)
 .debug_frame   0x000019a0       0x74 c:/program files (x86)/atmel/studio/7.0/toolchain/arm/arm-gnu-toolchain/bin/../lib/gcc/arm-none-eabi/6.3.1/../../../../arm-none-eabi/lib/thumb/v6-m\libc_nano.a(lib_a-nano-svfprintf.o)
 .debug_frame   0x00001a14       0x54 c:/program files (x86)/atmel/studio/7.0/toolchain/arm/arm-gnu-toolchain/bin/../lib/gcc/arm-none-eabi/6.3.1/../../../../arm-none-eabi/lib/thumb/v6-m\libc_nano.a(lib_a-nano-vfprintf_i.o)
 .debug_frame   0x00001a68       0x2c c:/program files (x86)/atmel/studio/7.0/toolchain/arm/arm-gnu-toolchain/bin/../lib/gcc/arm-none-eabi/6.3.1/../../../../arm-none-eabi/lib/thumb/v6-m\libc_nano.a(lib_a-sbrkr.o)
 .debug_frame   0x00001a94       0x20 c:/program files (x86)/atmel/studio/7.0/toolchain/arm/arm-gnu-toolchain/bin/../lib/gcc/arm-none-eabi/6.3.1/../../../../arm-none-eabi/lib/thumb/v6-m\libc_nano.a(lib_a-memchr-stub.o)
 .debug_frame   0x00001ab4       0x28 c:/program files (x86)/atmel/studio/7.0/toolchain/arm/arm-gnu-toolchain/bin/../lib/gcc/arm-none-eabi/6.3.1/../../../../arm-none-eabi/lib/thumb/v6-m\libc_nano.a(lib_a-memcpy-stub.o)
 .debug_frame   0x00001adc       0x28 c:/program files (x86)/atmel/studio/7.0/toolchain/arm/arm-gnu-toolchain/bin/../lib/gcc/arm-none-eabi/6.3.1/../../../../arm-none-eabi/lib/thumb/v6-m\libc_nano.a(lib_a-memmove.o)
 .debug_frame   0x00001b04       0x30 c:/program files (x86)/atmel/studio/7.0/toolchain/arm/arm-gnu-toolchain/bin/../lib/gcc/arm-none-eabi/6.3.1/../../../../arm-none-eabi/lib/thumb/v6-m\libc_nano.a(lib_a-mlock.o)
 .debug_frame   0x00001b34       0x2c c:/program files (x86)/atmel/studio/7.0/toolchain/arm/arm-gnu-toolchain/bin/../lib/gcc/arm-none-eabi/6.3.1/../../../../arm-none-eabi/lib/thumb/v6-m\libc_nano.a(lib_a-nano-freer.o)
 .debug_frame   0x00001b60       0x30 c:/program files (x86)/atmel/studio/7.0/toolchain/arm/arm-gnu-toolchain/bin/../lib/gcc/arm-none-eabi/6.3.1/../../../../arm-none-eabi/lib/thumb/v6-m\libc_nano.a(lib_a-nano-reallocr.o)
 .debug_frame   0x00001b90       0x48 c:/program files (x86)/atmel/studio/7.0/toolchain/arm/arm-gnu-toolchain/bin/../lib/gcc/arm-none-eabi/6.3.1/../../../../arm-none-eabi/lib/thumb/v6-m\libc_nano.a(lib_a-reent.o)
 .debug_frame   0x00001bd8       0x20 c:/program files (x86)/atmel/studio/7.0/toolchain/arm/arm-gnu-toolchain/bin/../lib/gcc/arm-none-eabi/6.3.1/../../../../arm-none-eabi/lib/thumb/v6-m\libc_nano.a(lib_a-nano-msizer.o)
